Archive member included to satisfy reference by file (symbol)

../build/output/libraries/libproxies.a(PROXY_getpid.o)
                              (getpid)
../build/output/libraries/libproxies.a(PROXY_sched_getstreams.o)
                              (sched_getstreams)
../build/output/libraries/libuc.a(lib_printf.o)
                              (printf)
../build/output/libraries/libuc.a(lib_fgetc.o)
                              (fgetc)
../build/output/libraries/libuc.a(lib_vfprintf.o)
                              ../build/output/libraries/libuc.a(lib_printf.o) (vfprintf)
../build/output/libraries/libuc.a(lib_stdoutstream.o)
                              ../build/output/libraries/libuc.a(lib_vfprintf.o) (lib_stdoutstream)
../build/output/libraries/libuc.a(lib_libnoflush.o)
                              ../build/output/libraries/libuc.a(lib_stdoutstream.o) (lib_noflush)
../build/output/libraries/libuc.a(lib_sleep.o)
                              (sleep)
../build/output/libraries/libuc.a(task_startup.o)
                              (task_startup)
../build/output/libraries/libuc.a(pthread_startup.o)
                              (pthread_startup)
../build/output/libraries/libuc.a(lib_filesem.o)
                              ../build/output/libraries/libuc.a(lib_vfprintf.o) (lib_take_semaphore)
../build/output/libraries/libuc.a(lib_libvsprintf.o)
                              ../build/output/libraries/libuc.a(lib_vfprintf.o) (lib_vsprintf)
../build/output/libraries/libuc.a(lib_libfread.o)
                              ../build/output/libraries/libuc.a(lib_fgetc.o) (lib_fread)
../build/output/libraries/libuc.a(lib_libfflush.o)
                              ../build/output/libraries/libuc.a(lib_stdoutstream.o) (lib_fflush)
../build/output/libraries/libuc.a(lib_wrflush.o)
                              ../build/output/libraries/libuc.a(lib_libfread.o) (lib_wrflush)
../build/output/libraries/libuc.a(lib_fputc.o)
                              ../build/output/libraries/libuc.a(lib_stdoutstream.o) (fputc)
../build/output/libraries/libuc.a(lib_strnlen.o)
                              ../build/output/libraries/libuc.a(lib_libvsprintf.o) (strnlen)
../build/output/libraries/libuc.a(sem_init.o)
                              ../build/output/libraries/libuc.a(lib_filesem.o) (sem_init)
../build/output/libraries/libuc.a(lib_dtoa_engine.o)
                              ../build/output/libraries/libuc.a(lib_libvsprintf.o) (__dtoa_engine)
../build/output/libraries/libuc.a(lib_ultoa_invert.o)
                              ../build/output/libraries/libuc.a(lib_libvsprintf.o) (__ultoa_invert)
../build/output/libraries/libuc.a(lib_libfwrite.o)
                              ../build/output/libraries/libuc.a(lib_fputc.o) (lib_fwrite)
../build/output/libraries/libuc.a(lib_rdflush.o)
                              ../build/output/libraries/libuc.a(lib_libfwrite.o) (lib_rdflush)
../build/output/libraries/libuc.a(lib_dtoa_data.o)
                              ../build/output/libraries/libuc.a(lib_dtoa_engine.o) (g_dtoa_round)
../build/output/libraries/libuc.a(lib_fseek.o)
                              ../build/output/libraries/libuc.a(lib_rdflush.o) (fseek)
../build/output/libraries/libuarch.a(arm_signal_handler.o)
                              (up_signal_handler)
../build/output/libraries/libframework.a(binary_manager_notify.o)
                              (binary_manager_notify_binary_started)
../build/output/libraries/libframework.a(binary_manager_interface.o)
                              ../build/output/libraries/libframework.a(binary_manager_notify.o) (binary_manager_set_request)
../build/output/libraries/libapps.a(init.o)
                              (preapp_start)
../build/output/libraries/libapps.a(builtin_list.o)
                              ../build/output/libraries/libapps.a(init.o) (register_examples_cmds)
../build/output/libraries/libapps.a(tash_command.o)
                              ../build/output/libraries/libapps.a(builtin_list.o) (tash_cmd_install)
../build/output/libraries/libapps.a(tash_sleep.o)
                              ../build/output/libraries/libapps.a(tash_command.o) (tash_sleep)
../build/output/libraries/libapps.a(tash_main.o)
                              ../build/output/libraries/libapps.a(init.o) (tash_start)
../build/output/libraries/libapps.a(mem_leak_checker_main.o)
                              ../build/output/libraries/libapps.a(builtin_list.o) (mem_leak_checker_main)
../build/output/libraries/libapps.a(sysinfo.o)
                              ../build/output/libraries/libapps.a(init.o) (sysinfo)
../build/output/libraries/libapps.a(systemcmd.o)
                              ../build/output/libraries/libapps.a(init.o) (system_register_utilcmds)
../build/output/libraries/libapps.a(security_level_cmd.o)
                              ../build/output/libraries/libapps.a(init.o) (security_level_register_utilcmds)
../build/output/libraries/libapps.a(fscmd.o)
[...]
Memory Configuration

Name             Origin             Length             Attributes
uflash           0x000000000e162010 0x00000000002f7ff0 xr
usram            0x0000000060600000 0x00000000001f0000 xrw
*default*        0x0000000000000000 0xffffffffffffffff

Linker script and memory map

                0x0000000000000000                _stext_app = ABSOLUTE (.)

.text           0x0000000060600000    0x184da load address 0x000000000e162010
                0x0000000060600000                _stext = .
                0x0000000060600000        0x4 LONG 0x0
 *(.userspace)
 .userspace     0x0000000060600004       0x5c /root/tizenrt/os/userspace/up_userspace_common.o
                0x0000000060600004                userspace
 *(.text)
 .text          0x0000000060600060        0x0 /root/tizenrt/os/userspace/up_userspace_common.o
 .text          0x0000000060600060        0x0 ../build/output/libraries/libproxies.a(PROXY_getpid.o)
 .text          0x0000000060600060        0x0 ../build/output/libraries/libproxies.a(PROXY_sched_getstreams.o)
 .text          0x0000000060600060        0x0 ../build/output/libraries/libuc.a(lib_printf.o)
 .text          0x0000000060600060        0x0 ../build/output/libraries/libuc.a(lib_fgetc.o)
 .text          0x0000000060600060        0x0 ../build/output/libraries/libuc.a(lib_vfprintf.o)
 .text          0x0000000060600060        0x0 ../build/output/libraries/libuc.a(lib_stdoutstream.o)
 .text          0x0000000060600060        0x0 ../build/output/libraries/libuc.a(lib_libnoflush.o)
 .text          0x0000000060600060        0x0 ../build/output/libraries/libuc.a(lib_sleep.o)
 .text          0x0000000060600060        0x0 ../build/output/libraries/libuc.a(task_startup.o)
 .text          0x0000000060600060        0x0 ../build/output/libraries/libuc.a(pthread_startup.o)
 .text          0x0000000060600060        0x0 ../build/output/libraries/libuc.a(lib_filesem.o)
 .text          0x0000000060600060        0x0 ../build/output/libraries/libuc.a(lib_libvsprintf.o)
 .text          0x0000000060600060        0x0 ../build/output/libraries/libuc.a(lib_libfread.o)
 .text          0x0000000060600060        0x0 ../build/output/libraries/libuc.a(lib_libfflush.o)
 .text          0x0000000060600060        0x0 ../build/output/libraries/libuc.a(lib_wrflush.o)
 .text          0x0000000060600060        0x0 ../build/output/libraries/libuc.a(lib_fputc.o)
 .text          0x0000000060600060        0x0 ../build/output/libraries/libuc.a(lib_strnlen.o)
 .text          0x0000000060600060        0x0 ../build/output/libraries/libuc.a(sem_init.o)
 .text          0x0000000060600060        0x0 ../build/output/libraries/libuc.a(lib_dtoa_engine.o)
 .text          0x0000000060600060        0x0 ../build/output/libraries/libuc.a(lib_ultoa_invert.o)
 .text          0x0000000060600060        0x0 ../build/output/libraries/libuc.a(lib_libfwrite.o)
 .text          0x0000000060600060        0x0 ../build/output/libraries/libuc.a(lib_rdflush.o)
 .text          0x0000000060600060        0x0 ../build/output/libraries/libuc.a(lib_dtoa_data.o)
 .text          0x0000000060600060        0x0 ../build/output/libraries/libuc.a(lib_fseek.o)
 .text          0x0000000060600060       0x18 ../build/output/libraries/libuarch.a(arm_signal_handler.o)
                0x0000000060600060                up_signal_handler
 .text          0x0000000060600078        0x0 ../build/output/libraries/libframework.a(binary_manager_notify.o)
 .text          0x0000000060600078        0x0 ../build/output/libraries/libframework.a(binary_manager_interface.o)
 .text          0x0000000060600078        0x0 ../build/output/libraries/libapps.a(init.o)
 .text          0x0000000060600078        0x0 ../build/output/libraries/libapps.a(builtin_list.o)
 .text          0x0000000060600078        0x0 ../build/output/libraries/libapps.a(tash_command.o)
 .text          0x0000000060600078        0x0 ../build/output/libraries/libapps.a(tash_sleep.o)
 .text          0x0000000060600078        0x0 ../build/output/libraries/libapps.a(tash_main.o)
 .text          0x0000000060600078        0x0 ../build/output/libraries/libapps.a(mem_leak_checker_main.o)
 .text          0x0000000060600078        0x0 ../build/output/libraries/libapps.a(sysinfo.o)
 .text          0x0000000060600078        0x0 ../build/output/libraries/libapps.a(systemcmd.o)
 .text          0x0000000060600078        0x0 ../build/output/libraries/libapps.a(security_level_cmd.o)
 .text          0x0000000060600078        0x0 ../build/output/libraries/libapps.a(fscmd.o)
 .text          0x0000000060600078        0x0 ../build/output/libraries/libapps.a(netcmd.o)
 .text          0x0000000060600078        0x0 ../build/output/libraries/libapps.a(netcmd_ping.o)
 .text          0x0000000060600078        0x0 ../build/output/libraries/libapps.a(netcmd_netmon.o)
 .text          0x0000000060600078        0x0 ../build/output/libraries/libapps.a(netcmd_dhcpd.o)
 .text          0x0000000060600078        0x0 ../build/output/libraries/libapps.a(utils_date.o)
 .text          0x0000000060600078        0x0 ../build/output/libraries/libapps.a(utils_free.o)
 .text          0x0000000060600078        0x0 ../build/output/libraries/libapps.a(utils_heapinfo.o)
 .text          0x0000000060600078        0x0 ../build/output/libraries/libapps.a(utils_prodconfig.o)
 .text          0x0000000060600078        0x0 ../build/output/libraries/libapps.a(utils_ps.o)
 .text          0x0000000060600078        0x0 ../build/output/libraries/libapps.a(utils_uptime.o)
 .text          0x0000000060600078        0x0 ../build/output/libraries/libapps.a(utils_proc.o)
 .text          0x0000000060600078        0x0 ../build/output/libraries/libapps.a(helloxx_main.o)
 .text          0x0000000060600078        0x0 ../build/output/libraries/libapps.a(hello_main.o)
 .text          0x0000000060600078        0x0 ../build/output/libraries/libapps.a(tash_init.o)
 .text          0x0000000060600078        0x0 ../build/output/libraries/libapps.a(tash_pm.o)
 .text          0x0000000060600078        0x0 ../build/output/libraries/libapps.a(netdb_main.o)
 .text          0x0000000060600078        0x0 ../build/output/libraries/libapps.a(fs_getpath.o)
 .text          0x0000000060600078      0x378 /bin/../lib/gcc/arm-none-eabi/10.3.1/thumb/v8-a+simd/hard/libgcc.a(_arm_addsubdf3.o)
                0x0000000060600078                __aeabi_drsub
                0x0000000060600080                __aeabi_dsub
                0x0000000060600080                __subdf3
                0x0000000060600084                __adddf3
                0x0000000060600084                __aeabi_dadd
                0x00000000606002fc                __aeabi_ui2d
                0x00000000606002fc                __floatunsidf
                0x000000006060031c                __floatsidf
                0x000000006060031c                __aeabi_i2d
                0x0000000060600340                __extendsfdf2
                0x0000000060600340                __aeabi_f2d
                0x0000000060600384                __aeabi_ul2d
                0x0000000060600384                __floatundidf
                0x0000000060600394                __floatdidf
                0x0000000060600394                __aeabi_l2d
 .text          0x00000000606003f0       0xa0 /bin/../lib/gcc/arm-none-eabi/10.3.1/thumb/v8-a+simd/hard/libgcc.a(_aeabi_ldivmod.o)
                0x00000000606003f0                __aeabi_ldivmod
 .text          0x0000000060600490       0x30 /bin/../lib/gcc/arm-none-eabi/10.3.1/thumb/v8-a+simd/hard/libgcc.a(_aeabi_uldivmod.o)
                0x0000000060600490                __aeabi_uldivmod
 .text          0x00000000606004c0       0x40 /bin/../lib/gcc/arm-none-eabi/10.3.1/thumb/v8-a+simd/hard/libgcc.a(_fixunsdfdi.o)
                0x00000000606004c0                __aeabi_d2ulz
                0x00000000606004c0                __fixunsdfdi
 .text          0x0000000060600500      0x364 /bin/../lib/gcc/arm-none-eabi/10.3.1/thumb/v8-a+simd/hard/libgcc.a(_udivmoddi4.o)
                0x0000000060600500                __udivmoddi4
 .text          0x0000000060600864      0xa54 /bin/../lib/gcc/arm-none-eabi/10.3.1/thumb/v8-a+simd/hard/libgcc.a(unwind-arm.o)
                0x0000000060600b30                _Unwind_GetCFA
                0x0000000060600b34                __gnu_Unwind_RaiseException
                0x0000000060600b9c                __gnu_Unwind_ForcedUnwind
                0x0000000060600bb0                __gnu_Unwind_Resume
                0x0000000060600bf4                __gnu_Unwind_Resume_or_Rethrow
                0x0000000060600c08                _Unwind_Complete
                0x0000000060600c0c                _Unwind_DeleteException
                0x0000000060600c18                _Unwind_VRS_Get
                0x0000000060600c68                _Unwind_VRS_Set
                0x0000000060600cb8                __gnu_Unwind_Backtrace
                0x0000000060601000                __aeabi_unwind_cpp_pr0
                0x0000000060601004                __aeabi_unwind_cpp_pr1
                0x0000000060601008                __aeabi_unwind_cpp_pr2
                0x000000006060100c                _Unwind_VRS_Pop
 .text          0x00000000606012b8      0x1ac /bin/../lib/gcc/arm-none-eabi/10.3.1/thumb/v8-a+simd/hard/libgcc.a(libunwind.o)
                0x00000000606012b8                __restore_core_regs
                0x00000000606012b8                restore_core_regs
                0x00000000606012d0                __gnu_Unwind_Restore_VFP
                0x00000000606012d8                __gnu_Unwind_Save_VFP
                0x00000000606012e0                __gnu_Unwind_Restore_VFP_D
                0x00000000606012e8                __gnu_Unwind_Save_VFP_D
                0x00000000606012f0                __gnu_Unwind_Restore_VFP_D_16_to_31
                0x00000000606012f8                __gnu_Unwind_Save_VFP_D_16_to_31
                0x0000000060601300                __gnu_Unwind_Restore_WMMXD
                0x0000000060601344                __gnu_Unwind_Save_WMMXD
                0x0000000060601388                __gnu_Unwind_Restore_WMMXC
                0x000000006060139c                __gnu_Unwind_Save_WMMXC
                0x00000000606013b0                ___Unwind_RaiseException
                0x00000000606013b0                _Unwind_RaiseException
                0x00000000606013d4                ___Unwind_Resume
                0x00000000606013d4                _Unwind_Resume
                0x00000000606013f8                _Unwind_Resume_or_Rethrow
                0x00000000606013f8                ___Unwind_Resume_or_Rethrow
                0x000000006060141c                ___Unwind_ForcedUnwind
                0x000000006060141c                _Unwind_ForcedUnwind
                0x0000000060601440                _Unwind_Backtrace
                0x0000000060601440                ___Unwind_Backtrace
 .text          0x0000000060601464      0x368 /bin/../lib/gcc/arm-none-eabi/10.3.1/thumb/v8-a+simd/hard/libgcc.a(pr-support.o)
                0x00000000606014b8                __gnu_unwind_execute
                0x0000000060601780                __gnu_unwind_frame
                0x00000000606017ac                _Unwind_GetRegionStart
                0x00000000606017b8                _Unwind_GetLanguageSpecificData
 .text          0x00000000606017cc        0x4 /bin/../lib/gcc/arm-none-eabi/10.3.1/thumb/v8-a+simd/hard/libgcc.a(_dvmd_tls.o)
                0x00000000606017cc                __aeabi_ldiv0
                0x00000000606017cc                __aeabi_idiv0
 .text          0x00000000606017d0        0x0 /bin/../lib/gcc/arm-none-eabi/10.3.1/../../../../arm-none-eabi/lib/thumb/v8-a+simd/hard/libsupc++.a(atexit_arm.o)
 .text          0x00000000606017d0        0x0 /bin/../lib/gcc/arm-none-eabi/10.3.1/../../../../arm-none-eabi/lib/thumb/v8-a+simd/hard/libsupc++.a(del_op.o)
 .text          0x00000000606017d0        0x0 /bin/../lib/gcc/arm-none-eabi/10.3.1/../../../../arm-none-eabi/lib/thumb/v8-a+simd/hard/libsupc++.a(new_op.o)
 .text          0x00000000606017d0        0x0 /bin/../lib/gcc/arm-none-eabi/10.3.1/../../../../arm-none-eabi/lib/thumb/v8-a+simd/hard/libsupc++.a(bad_alloc.o)
 .text          0x00000000606017d0        0x0 /bin/../lib/gcc/arm-none-eabi/10.3.1/../../../../arm-none-eabi/lib/thumb/v8-a+simd/hard/libsupc++.a(del_ops.o)
 .text          0x00000000606017d0        0x0 /bin/../lib/gcc/arm-none-eabi/10.3.1/../../../../arm-none-eabi/lib/thumb/v8-a+simd/hard/libsupc++.a(eh_alloc.o)
 .text          0x00000000606017d0        0x0 /bin/../lib/gcc/arm-none-eabi/10.3.1/../../../../arm-none-eabi/lib/thumb/v8-a+simd/hard/libsupc++.a(eh_exception.o)
 .text          0x00000000606017d0        0x0 /bin/../lib/gcc/arm-none-eabi/10.3.1/../../../../arm-none-eabi/lib/thumb/v8-a+simd/hard/libsupc++.a(eh_terminate.o)
 .text          0x00000000606017d0        0x0 /bin/../lib/gcc/arm-none-eabi/10.3.1/../../../../arm-none-eabi/lib/thumb/v8-a+simd/hard/libsupc++.a(eh_throw.o)
 .text          0x00000000606017d0        0x0 /bin/../lib/gcc/arm-none-eabi/10.3.1/../../../../arm-none-eabi/lib/thumb/v8-a+simd/hard/libsupc++.a(eh_unex_handler.o)
 .text          0x00000000606017d0        0x0 /bin/../lib/gcc/arm-none-eabi/10.3.1/../../../../arm-none-eabi/lib/thumb/v8-a+simd/hard/libsupc++.a(new_handler.o)
 .text          0x00000000606017d0        0x0 /bin/../lib/gcc/arm-none-eabi/10.3.1/../../../../arm-none-eabi/lib/thumb/v8-a+simd/hard/libsupc++.a(pure.o)
 .text          0x00000000606017d0        0x0 /bin/../lib/gcc/arm-none-eabi/10.3.1/../../../../arm-none-eabi/lib/thumb/v8-a+simd/hard/libsupc++.a(si_class_type_info.o)
 .text          0x00000000606017d0        0x0 /bin/../lib/gcc/arm-none-eabi/10.3.1/../../../../arm-none-eabi/lib/thumb/v8-a+simd/hard/libsupc++.a(tinfo.o)
 .text          0x00000000606017d0        0x0 /bin/../lib/gcc/arm-none-eabi/10.3.1/../../../../arm-none-eabi/lib/thumb/v8-a+simd/hard/libsupc++.a(vterminate.o)
 .text          0x00000000606017d0     0x60f8 /bin/../lib/gcc/arm-none-eabi/10.3.1/../../../../arm-none-eabi/lib/thumb/v8-a+simd/hard/libsupc++.a(cp-demangle.o)
                0x00000000606077d4                __cxa_demangle
                0x00000000606078a8                __gcclibcxx_demangle_callback
 .text          0x00000000606078c8        0x0 /bin/../lib/gcc/arm-none-eabi/10.3.1/../../../../arm-none-eabi/lib/thumb/v8-a+simd/hard/libsupc++.a(class_type_info.o)
 .text          0x00000000606078c8        0x0 /bin/../lib/gcc/arm-none-eabi/10.3.1/../../../../arm-none-eabi/lib/thumb/v8-a+simd/hard/libsupc++.a(eh_arm.o)
 .text          0x00000000606078c8        0x0 /bin/../lib/gcc/arm-none-eabi/10.3.1/../../../../arm-none-eabi/lib/thumb/v8-a+simd/hard/libsupc++.a(eh_call.o)
 .text          0x00000000606078c8        0x0 /bin/../lib/gcc/arm-none-eabi/10.3.1/../../../../arm-none-eabi/lib/thumb/v8-a+simd/hard/libsupc++.a(eh_catch.o)
 .text          0x00000000606078c8        0x0 /bin/../lib/gcc/arm-none-eabi/10.3.1/../../../../arm-none-eabi/lib/thumb/v8-a+simd/hard/libsupc++.a(eh_globals.o)
 .text          0x00000000606078c8        0x0 /bin/../lib/gcc/arm-none-eabi/10.3.1/../../../../arm-none-eabi/lib/thumb/v8-a+simd/hard/libsupc++.a(eh_personality.o)
 .text          0x00000000606078c8        0x0 /bin/../lib/gcc/arm-none-eabi/10.3.1/../../../../arm-none-eabi/lib/thumb/v8-a+simd/hard/libsupc++.a(eh_term_handler.o)
 .text          0x00000000606078c8        0x0 /bin/../lib/gcc/arm-none-eabi/10.3.1/../../../../arm-none-eabi/lib/thumb/v8-a+simd/hard/libsupc++.a(eh_type.o)
 .text          0x00000000606078c8        0x0 ../build/output/libraries/libproxies.a(PROXY_boardctl.o)
 .text          0x00000000606078c8        0x0 ../build/output/libraries/libproxies.a(PROXY_clock.o)
 .text          0x00000000606078c8        0x0 ../build/output/libraries/libproxies.a(PROXY_clock_gettime.o)
 .text          0x00000000606078c8        0x0 ../build/output/libraries/libproxies.a(PROXY_clock_settime.o)
 .text          0x00000000606078c8        0x0 ../build/output/libraries/libproxies.a(PROXY_close.o)
 .text          0x00000000606078c8        0x0 ../build/output/libraries/libproxies.a(PROXY_closedir.o)
 .text          0x00000000606078c8        0x0 ../build/output/libraries/libproxies.a(PROXY_exit.o)
 .text          0x00000000606078c8        0x0 ../build/output/libraries/libproxies.a(PROXY_get_errno.o)
 .text          0x00000000606078c8        0x0 ../build/output/libraries/libproxies.a(PROXY_getenv.o)
 .text          0x00000000606078c8        0x0 ../build/output/libraries/libproxies.a(PROXY_lseek.o)
 .text          0x00000000606078c8        0x0 ../build/output/libraries/libproxies.a(PROXY_mkdir.o)
 .text          0x00000000606078c8        0x0 ../build/output/libraries/libproxies.a(PROXY_mount.o)
 .text          0x00000000606078c8        0x0 ../build/output/libraries/libproxies.a(PROXY_mq_close.o)
 .text          0x00000000606078c8        0x0 ../build/output/libraries/libproxies.a(PROXY_mq_open.o)
 .text          0x00000000606078c8        0x0 ../build/output/libraries/libproxies.a(PROXY_mq_receive.o)
 .text          0x00000000606078c8        0x0 ../build/output/libraries/libproxies.a(PROXY_mq_send.o)
 .text          0x00000000606078c8        0x0 ../build/output/libraries/libproxies.a(PROXY_mq_unlink.o)
 .text          0x00000000606078c8        0x0 ../build/output/libraries/libproxies.a(PROXY_nanosleep.o)
 .text          0x00000000606078c8        0x0 ../build/output/libraries/libproxies.a(PROXY_open.o)
 .text          0x00000000606078c8        0x0 ../build/output/libraries/libproxies.a(PROXY_opendir.o)
 .text          0x00000000606078c8        0x0 ../build/output/libraries/libproxies.a(PROXY_prctl.o)
 .text          0x00000000606078c8        0x0 ../build/output/libraries/libproxies.a(PROXY_pthread_exit.o)
 .text          0x00000000606078c8        0x0 ../build/output/libraries/libproxies.a(PROXY_pthread_mutex_lock.o)
 .text          0x00000000606078c8        0x0 ../build/output/libraries/libproxies.a(PROXY_pthread_mutex_unlock.o)
 .text          0x00000000606078c8        0x0 ../build/output/libraries/libproxies.a(PROXY_read.o)
 .text          0x00000000606078c8        0x0 ../build/output/libraries/libproxies.a(PROXY_readdir.o)
 .text          0x00000000606078c8        0x0 ../build/output/libraries/libproxies.a(PROXY_recvfrom.o)
 .text          0x00000000606078c8        0x0 ../build/output/libraries/libproxies.a(PROXY_rename.o)
 .text          0x00000000606078c8        0x0 ../build/output/libraries/libproxies.a(PROXY_rmdir.o)
 .text          0x00000000606078c8        0x0 ../build/output/libraries/libproxies.a(PROXY_select.o)
 .text          0x00000000606078c8        0x0 ../build/output/libraries/libproxies.a(PROXY_sem_post.o)
 .text          0x00000000606078c8        0x0 ../build/output/libraries/libproxies.a(PROXY_sem_wait.o)
 .text          0x00000000606078c8        0x0 ../build/output/libraries/libproxies.a(PROXY_sendto.o)
 .text          0x00000000606078c8        0x0 ../build/output/libraries/libproxies.a(PROXY_set_errno.o)
 .text          0x00000000606078c8        0x0 ../build/output/libraries/libproxies.a(PROXY_setsockopt.o)
 .text          0x00000000606078c8        0x0 ../build/output/libraries/libproxies.a(PROXY_socket.o)
 .text          0x00000000606078c8        0x0 ../build/output/libraries/libproxies.a(PROXY_stat.o)
 .text          0x00000000606078c8        0x0 ../build/output/libraries/libproxies.a(PROXY_statfs.o)
 .text          0x00000000606078c8        0x0 ../build/output/libraries/libproxies.a(PROXY_task_create.o)
 .text          0x00000000606078c8        0x0 ../build/output/libraries/libproxies.a(PROXY_umount.o)
 .text          0x00000000606078c8        0x0 ../build/output/libraries/libproxies.a(PROXY_unlink.o)
 .text          0x00000000606078c8        0x0 ../build/output/libraries/libproxies.a(PROXY_up_assert.o)
 .text          0x00000000606078c8        0x0 ../build/output/libraries/libproxies.a(PROXY_write.o)
 .text          0x00000000606078c8        0x0 ../build/output/libraries/libuc.a(lib_sprintf.o)
 .text          0x00000000606078c8        0x0 ../build/output/libraries/libuc.a(lib_asprintf.o)
 .text          0x00000000606078c8        0x0 ../build/output/libraries/libuc.a(lib_snprintf.o)
 .text          0x00000000606078c8        0x0 ../build/output/libraries/libuc.a(lib_vasprintf.o)
 .text          0x00000000606078c8        0x0 ../build/output/libraries/libuc.a(lib_memoutstream.o)
 .text          0x00000000606078c8        0x0 ../build/output/libraries/libuc.a(lib_nulloutstream.o)
 .text          0x00000000606078c8        0x0 ../build/output/libraries/libuc.a(lib_fwrite.o)
 .text          0x00000000606078c8        0x0 ../build/output/libraries/libuc.a(lib_fputs.o)
 .text          0x00000000606078c8        0x0 ../build/output/libraries/libuc.a(lib_fprintf.o)
 .text          0x00000000606078c8        0x0 ../build/output/libraries/libuc.a(lib_perror.o)
 .text          0x00000000606078c8        0x0 ../build/output/libraries/libuc.a(lib_abort.o)
 .text          0x00000000606078c8        0x0 ../build/output/libraries/libuc.a(lib_strtol.o)
 .text          0x00000000606078c8        0x0 ../build/output/libraries/libuc.a(lib_strtoul.o)
 .text          0x00000000606078c8        0x0 ../build/output/libraries/libuc.a(lib_checkbase.o)
 .text          0x00000000606078c8        0x0 ../build/output/libraries/libuc.a(lib_getopt.o)
 .text          0x00000000606078c8        0x0 ../build/output/libraries/libuc.a(lib_chdir.o)
 .text          0x00000000606078c8        0x0 ../build/output/libraries/libuc.a(lib_usleep.o)
 .text          0x00000000606078c8        0x0 ../build/output/libraries/libuc.a(lib_syslog.o)
 .text          0x00000000606078c8        0x0 ../build/output/libraries/libuc.a(lib_setlogmask.o)
 .text          0x00000000606078c8        0x0 ../build/output/libraries/libuc.a(lib_isbasedigit.o)
 .text          0x00000000606078c8        0x0 ../build/output/libraries/libuc.a(lib_memset.o)
 .text          0x00000000606078c8        0x0 ../build/output/libraries/libuc.a(lib_memcmp.o)
 .text          0x00000000606078c8        0x0 ../build/output/libraries/libuc.a(lib_memmove.o)
 .text          0x00000000606078c8        0x0 ../build/output/libraries/libuc.a(lib_skipspace.o)
 .text          0x00000000606078c8        0x0 ../build/output/libraries/libuc.a(lib_strchr.o)
 .text          0x00000000606078c8        0x0 ../build/output/libraries/libuc.a(lib_strcmp.o)
 .text          0x00000000606078c8        0x0 ../build/output/libraries/libuc.a(lib_strdup.o)
 .text          0x00000000606078c8        0x0 ../build/output/libraries/libuc.a(lib_strerror.o)
 .text          0x00000000606078c8        0x0 ../build/output/libraries/libuc.a(lib_strlen.o)
 .text          0x00000000606078c8        0x0 ../build/output/libraries/libuc.a(lib_strncasecmp.o)
 .text          0x00000000606078c8        0x0 ../build/output/libraries/libuc.a(lib_strncmp.o)
 .text          0x00000000606078c8        0x0 ../build/output/libraries/libuc.a(lib_strncpy.o)
 .text          0x00000000606078c8        0x0 ../build/output/libraries/libuc.a(lib_strstr.o)
 .text          0x00000000606078c8        0x0 ../build/output/libraries/libuc.a(lib_strtokr.o)
 .text          0x00000000606078c8        0x0 ../build/output/libraries/libuc.a(lib_vikmemcpy.o)
 .text          0x00000000606078c8        0x0 ../build/output/libraries/libuc.a(lib_etherntoa.o)
 .text          0x00000000606078c8        0x0 ../build/output/libraries/libuc.a(lib_inetaddr.o)
 .text          0x00000000606078c8        0x0 ../build/output/libraries/libuc.a(lib_inetntoa.o)
 .text          0x00000000606078c8        0x0 ../build/output/libraries/libuc.a(lib_inetntop.o)
 .text          0x00000000606078c8        0x0 ../build/output/libraries/libuc.a(lib_inetpton.o)
 .text          0x00000000606078c8        0x0 ../build/output/libraries/libuc.a(lib_freeaddrinfo.o)
 .text          0x00000000606078c8        0x0 ../build/output/libraries/libuc.a(lib_getaddrinfo.o)
 .text          0x00000000606078c8        0x0 ../build/output/libraries/libuc.a(lib_gethostbyname.o)
 .text          0x00000000606078c8        0x0 ../build/output/libraries/libuc.a(lib_strftime.o)
 .text          0x00000000606078c8        0x0 ../build/output/libraries/libuc.a(lib_daysbeforemonth.o)
 .text          0x00000000606078c8        0x0 ../build/output/libraries/libuc.a(lib_isleapyear.o)
 .text          0x00000000606078c8        0x0 ../build/output/libraries/libuc.a(lib_time.o)
 .text          0x00000000606078c8        0x0 ../build/output/libraries/libuc.a(lib_localtime.o)
 .text          0x00000000606078c8        0x0 ../build/output/libraries/libuc.a(lib_dirname.o)
 .text          0x00000000606078c8        0x0 ../build/output/libraries/libuc.a(lib_ioctl.o)
 .text          0x00000000606078c8        0x0 ../build/output/libraries/libuc.a(lib_sscanf.o)
 .text          0x00000000606078c8        0x0 ../build/output/libraries/libuc.a(lib_rawoutstream.o)
 .text          0x00000000606078c8        0x0 ../build/output/libraries/libuc.a(lib_strtoll.o)
 .text          0x00000000606078c8        0x0 ../build/output/libraries/libuc.a(lib_strtoull.o)
 .text          0x00000000606078c8        0x0 ../build/output/libraries/libuc.a(lib_strtod.o)
 .text          0x00000000606078c8        0x0 ../build/output/libraries/libuc.a(lib_strtof.o)
 .text          0x00000000606078c8        0x0 ../build/output/libraries/libuc.a(lib_access.o)
 .text          0x00000000606078c8        0x0 ../build/output/libraries/libuc.a(lib_strcspn.o)
 .text          0x00000000606078c8        0x0 ../build/output/libraries/libuc.a(lib_strncat.o)
 .text          0x00000000606078c8        0x0 ../build/output/libraries/libuc.a(lib_strrchr.o)
 .text          0x00000000606078c8        0x0 ../build/output/libraries/libuc.a(lib_htons.o)
 .text          0x00000000606078c8        0x0 ../build/output/libraries/libumm.a(mm_heapinfo_utils.o)
 .text          0x00000000606078c8        0x0 ../build/output/libraries/libumm.a(umm_free.o)
 .text          0x00000000606078c8        0x0 ../build/output/libraries/libumm.a(umm_malloc.o)
 .text          0x00000000606078c8        0x0 ../build/output/libraries/libumm.a(umm_realloc.o)
 .text          0x00000000606078c8        0x0 ../build/output/libraries/libumm.a(umm_zalloc.o)
 .text          0x00000000606078c8        0x0 ../build/output/libraries/libumm.a(mm_sem.o)
 .text          0x00000000606078c8        0x0 ../build/output/libraries/libumm.a(mm_free.o)
 .text          0x00000000606078c8        0x0 ../build/output/libraries/libumm.a(mm_malloc.o)
 .text          0x00000000606078c8        0x0 ../build/output/libraries/libumm.a(mm_realloc.o)
 .text          0x00000000606078c8        0x0 ../build/output/libraries/libumm.a(mm_zalloc.o)
 .text          0x00000000606078c8        0x0 ../build/output/libraries/libumm.a(mm_getheap.o)
 .text          0x00000000606078c8        0x0 ../build/output/libraries/libumm.a(mm_manage_allocfail.o)
 .text          0x00000000606078c8        0x0 ../build/output/libraries/libumm.a(mm_heap_dbg.o)
 .text          0x00000000606078c8        0x0 ../build/output/libraries/libumm.a(umm_initialize.o)
 .text          0x00000000606078c8        0x0 ../build/output/libraries/libumm.a(mm_initialize.o)
 .text          0x00000000606078c8        0x0 ../build/output/libraries/libumm.a(mm_addfreechunk.o)
 .text          0x00000000606078c8        0x0 ../build/output/libraries/libumm.a(mm_size2ndx.o)
 .text          0x00000000606078c8        0x0 ../build/output/libraries/libumm.a(mm_shrinkchunk.o)
 .text          0x00000000606078c8        0x0 ../build/output/libraries/libuwque.a(uwork_thread.o)
 .text          0x00000000606078c8        0x0 ../build/output/libraries/libuwque.a(work_process.o)
 .text          0x00000000606078c8        0x0 ../build/output/libraries/libuwque.a(uwork_lock.o)
 .text          0x00000000606078c8        0x0 ../build/output/libraries/libframework.a(wifi_manager_msghandler.o)
 .text          0x00000000606078c8        0x0 ../build/output/libraries/libframework.a(security_common.o)
 .text          0x00000000606078c8        0x0 ../build/output/libraries/libframework.a(security_utils.o)
 .text          0x00000000606078c8        0x0 ../build/output/libraries/libframework.a(security_ss.o)
 .text          0x00000000606078c8        0x0 ../build/output/libraries/libframework.a(ble_manager_msghandler.o)
 .text          0x00000000606078c8        0x0 ../build/output/libraries/libframework.a(seclink.o)
 .text          0x00000000606078c8        0x0 ../build/output/libraries/libframework.a(wifi_manager_message.o)
 .text          0x00000000606078c8        0x0 ../build/output/libraries/libframework.a(wifi_manager_state.o)
 .text          0x00000000606078c8        0x0 ../build/output/libraries/libframework.a(wifi_manager_stats.o)
 .text          0x00000000606078c8        0x0 ../build/output/libraries/libframework.a(wifi_manager_event.o)
 .text          0x00000000606078c8        0x0 ../build/output/libraries/libframework.a(wifi_manager_utils.o)
 .text          0x00000000606078c8        0x0 ../build/output/libraries/libframework.a(wifi_manager_info.o)
 .text          0x00000000606078c8        0x0 ../build/output/libraries/libframework.a(wifi_manager_dhcpc.o)
 .text          0x00000000606078c8        0x0 ../build/output/libraries/libframework.a(wifi_manager_dhcps.o)
 .text          0x00000000606078c8        0x0 ../build/output/libraries/libframework.a(wifi_manager_lwnl.o)
 .text          0x00000000606078c8        0x0 ../build/output/libraries/libframework.a(wifi_manager_lwnl_listener.o)
 .text          0x00000000606078c8        0x0 ../build/output/libraries/libframework.a(ble_manager_message.o)
 .text          0x00000000606078c8        0x0 ../build/output/libraries/libframework.a(wifi_manager_cb.o)
 .text          0x00000000606078c8        0x0 ../build/output/libraries/libframework.a(ble_manager_lwnl_listener.o)
 .text          0x00000000606078c8        0x0 ../build/output/libraries/libframework.a(ble_manager_state.o)
 .text          0x00000000606078c8        0x0 ../build/output/libraries/libframework.a(ble_manager_autoconnect.o)
 .text          0x00000000606078c8        0x0 ../build/output/libraries/libframework.a(ble_queue.o)
 .text          0x00000000606078c8        0x0 ../build/output/libraries/libframework.a(ble_manager_api.o)
 .text          0x00000000606078c8        0x0 ../build/output/libraries/libframework.a(ble_manager_lwnl.o)
 .text          0x00000000606078c8        0x0 ../build/output/libraries/libcxx.a(libxx_newlib_impure.o)
 .text          0x00000000606078c8        0x0 ../build/output/libraries/libcxx.a(libxx_cxa_atexit.o)
 .text          0x00000000606078c8        0x0 ../build/output/libraries/libexternal.a(netlib.o)
 .text          0x00000000606078c8        0x0 ../build/output/libraries/libexternal.a(netlib_setifstatus.o)
 .text          0x00000000606078c8        0x0 ../build/output/libraries/libexternal.a(netlib_getifstatus.o)
 .text          0x00000000606078c8        0x0 ../build/output/libraries/libexternal.a(netlib_getifaddrs.o)
 .text          0x00000000606078c8        0x0 ../build/output/libraries/libexternal.a(netlib_getstats.o)
 .text          0x00000000606078c8        0x0 ../build/output/libraries/libexternal.a(netlib_netmon.o)
 .text          0x00000000606078c8        0x0 ../build/output/libraries/libexternal.a(netlib_setipv4addr.o)
 .text          0x00000000606078c8        0x0 ../build/output/libraries/libexternal.a(netlib_getipv4addr.o)
 .text          0x00000000606078c8        0x0 ../build/output/libraries/libexternal.a(netlib_setdripv4addr.o)
 .text          0x00000000606078c8        0x0 ../build/output/libraries/libexternal.a(netlib_setipv4netmask.o)
 .text          0x00000000606078c8        0x0 ../build/output/libraries/libexternal.a(netlib_setipv6addr.o)
 .text          0x00000000606078c8        0x0 ../build/output/libraries/libexternal.a(netlib_setmacaddr.o)
 .text          0x00000000606078c8        0x0 ../build/output/libraries/libexternal.a(netlib_getmacaddr.o)
 .text          0x00000000606078c8        0x0 ../build/output/libraries/libexternal.a(netlib_setdnsserver.o)
 .text          0x00000000606078c8        0x0 ../build/output/libraries/libexternal.a(dhcpd_lwip.o)
 .text          0x00000000606078c8        0x0 ../build/output/libraries/libexternal.a(dhcpc_lwip.o)
 .text          0x00000000606078c8        0x0 ../build/output/libraries/libproxies.a(PROXY_bind.o)
 .text          0x00000000606078c8        0x0 ../build/output/libraries/libproxies.a(PROXY_fs_ioctl.o)
 .text          0x00000000606078c8        0x0 ../build/output/libraries/libproxies.a(PROXY_gettimeofday.o)
 .text          0x00000000606078c8        0x0 ../build/output/libraries/libproxies.a(PROXY_mkfifo.o)
 .text          0x00000000606078c8        0x0 ../build/output/libraries/libproxies.a(PROXY_mq_getattr.o)
 .text          0x00000000606078c8        0x0 ../build/output/libraries/libproxies.a(PROXY_mq_timedreceive.o)
 .text          0x00000000606078c8        0x0 ../build/output/libraries/libproxies.a(PROXY_on_exit.o)
 .text          0x00000000606078c8        0x0 ../build/output/libraries/libproxies.a(PROXY_pthread_create.o)
 .text          0x00000000606078c8        0x0 ../build/output/libraries/libproxies.a(PROXY_pthread_detach.o)
 .text          0x00000000606078c8        0x0 ../build/output/libraries/libproxies.a(PROXY_pthread_join.o)
 .text          0x00000000606078c8        0x0 ../build/output/libraries/libproxies.a(PROXY_sched_lock.o)
 .text          0x00000000606078c8        0x0 ../build/output/libraries/libproxies.a(PROXY_sched_unlock.o)
 .text          0x00000000606078c8        0x0 ../build/output/libraries/libproxies.a(PROXY_sem_destroy.o)
 .text          0x00000000606078c8        0x0 ../build/output/libraries/libproxies.a(PROXY_sem_trywait.o)
 .text          0x00000000606078c8        0x0 ../build/output/libraries/libproxies.a(PROXY_setenv.o)
 .text          0x00000000606078c8        0x0 ../build/output/libraries/libproxies.a(PROXY_sigwaitinfo.o)
 .text          0x00000000606078c8        0x0 ../build/output/libraries/libuc.a(lib_lowsyslog.o)
 .text          0x00000000606078c8        0x0 ../build/output/libraries/libuc.a(pthread_attrinit.o)
 .text          0x00000000606078c8        0x0 ../build/output/libraries/libuc.a(pthread_attrsetstacksize.o)
 .text          0x00000000606078c8        0x0 ../build/output/libraries/libuc.a(pthread_attrsetschedparam.o)
 .text          0x00000000606078c8        0x0 ../build/output/libraries/libuc.a(sig_addset.o)
 .text          0x00000000606078c8        0x0 ../build/output/libraries/libuc.a(sig_emptyset.o)
 .text          0x00000000606078c8        0x0 ../build/output/libraries/libuc.a(dq_rem.o)
 .text          0x00000000606078c8        0x0 ../build/output/libraries/libuc.a(lib_lowoutstream.o)
 .text          0x00000000606078c8        0x0 ../build/output/libraries/libumm.a(umm_calloc.o)
 .text          0x00000000606078c8        0x0 ../build/output/libraries/libumm.a(mm_calloc.o)
 *(.text.*)
 .text.getpid   0x00000000606078c8        0xc ../build/output/libraries/libproxies.a(PROXY_getpid.o)
                0x00000000606078c8                getpid
 .text.sched_getstreams
                0x00000000606078d4        0xa ../build/output/libraries/libproxies.a(PROXY_sched_getstreams.o)
                0x00000000606078d4                sched_getstreams
 .text.printf   0x00000000606078de       0x24 ../build/output/libraries/libuc.a(lib_printf.o)
                0x00000000606078de                printf
 .text.fgetc    0x0000000060607902       0x20 ../build/output/libraries/libuc.a(lib_fgetc.o)
                0x0000000060607902                fgetc
 .text.vfprintf
                0x0000000060607922       0x36 ../build/output/libraries/libuc.a(lib_vfprintf.o)
                0x0000000060607922                vfprintf
 .text.stdoutstream_flush
                0x0000000060607958        0x8 ../build/output/libraries/libuc.a(lib_stdoutstream.o)
 .text.stdoutstream_putc
                0x0000000060607960       0x38 ../build/output/libraries/libuc.a(lib_stdoutstream.o)
 .text.lib_stdoutstream
                0x0000000060607998       0x28 ../build/output/libraries/libuc.a(lib_stdoutstream.o)
                0x0000000060607998                lib_stdoutstream
 .text.lib_noflush
                0x00000000606079c0        0x4 ../build/output/libraries/libuc.a(lib_libnoflush.o)
                0x00000000606079c0                lib_noflush
 .text.sleep    0x00000000606079c4       0x34 ../build/output/libraries/libuc.a(lib_sleep.o)
                0x00000000606079c4                sleep
 .text.task_startup
                0x00000000606079f8       0x20 ../build/output/libraries/libuc.a(task_startup.o)
                0x00000000606079f8                task_startup
 .text.pthread_startup
                0x0000000060607a18       0x1c ../build/output/libraries/libuc.a(pthread_startup.o)
                0x0000000060607a18                pthread_startup
 .text.lib_sem_initialize
                0x0000000060607a34       0x1a ../build/output/libraries/libuc.a(lib_filesem.o)
                0x0000000060607a34                lib_sem_initialize
 *fill*         0x0000000060607a4e        0x2 
 .text.lib_take_semaphore
                0x0000000060607a50       0x44 ../build/output/libraries/libuc.a(lib_filesem.o)
                0x0000000060607a50                lib_take_semaphore
 .text.lib_give_semaphore
                0x0000000060607a94       0x48 ../build/output/libraries/libuc.a(lib_filesem.o)
                0x0000000060607a94                lib_give_semaphore
 .text.lib_vsprintf
                0x0000000060607adc      0x7c0 ../build/output/libraries/libuc.a(lib_libvsprintf.o)
                0x0000000060607adc                lib_vsprintf
 .text.lib_fread
                0x000000006060829c       0xd8 ../build/output/libraries/libuc.a(lib_libfread.o)
                0x000000006060829c                lib_fread
 .text.lib_fflush
                0x0000000060608374       0x8e ../build/output/libraries/libuc.a(lib_libfflush.o)
                0x0000000060608374                lib_fflush
 .text.lib_wrflush
                0x0000000060608402       0x1a ../build/output/libraries/libuc.a(lib_wrflush.o)
                0x0000000060608402                lib_wrflush
 .text.fputc    0x000000006060841c       0x36 ../build/output/libraries/libuc.a(lib_fputc.o)
                0x000000006060841c                fputc
 .text.strnlen  0x0000000060608452       0x18 ../build/output/libraries/libuc.a(lib_strnlen.o)
                0x0000000060608452                strnlen
 .text.sem_init
                0x000000006060846a       0x2e ../build/output/libraries/libuc.a(sem_init.o)
                0x000000006060846a                sem_init
 .text.__dtoa_engine
                0x0000000060608498      0x1ac ../build/output/libraries/libuc.a(lib_dtoa_engine.o)
                0x0000000060608498                __dtoa_engine
 .text.__ultoa_invert
                0x0000000060608644       0x5a ../build/output/libraries/libuc.a(lib_ultoa_invert.o)
                0x0000000060608644                __ultoa_invert
 .text.lib_fwrite
                0x000000006060869e       0x92 ../build/output/libraries/libuc.a(lib_libfwrite.o)
                0x000000006060869e                lib_fwrite
 .text.lib_rdflush
                0x0000000060608730       0x50 ../build/output/libraries/libuc.a(lib_rdflush.o)
                0x0000000060608730                lib_rdflush
 .text.fseek    0x0000000060608780       0x3c ../build/output/libraries/libuc.a(lib_fseek.o)
                0x0000000060608780                fseek
 .text.binary_manager_notify_binary_started
                0x00000000606087bc       0x3c ../build/output/libraries/libframework.a(binary_manager_notify.o)
                0x00000000606087bc                binary_manager_notify_binary_started
 .text.binary_manager_set_request
                0x00000000606087f8       0x7c ../build/output/libraries/libframework.a(binary_manager_interface.o)
                0x00000000606087f8                binary_manager_set_request
 .text.binary_manager_send_request
                0x0000000060608874       0x70 ../build/output/libraries/libframework.a(binary_manager_interface.o)
                0x0000000060608874                binary_manager_send_request
 .text.binary_manager_receive_response
                0x00000000606088e4       0xc0 ../build/output/libraries/libframework.a(binary_manager_interface.o)
                0x00000000606088e4                binary_manager_receive_response
 .text.preapp_start
                0x00000000606089a4       0x54 ../build/output/libraries/libapps.a(init.o)
                0x00000000606089a4                preapp_start
 .text.register_examples_cmds
                0x00000000606089f8       0x20 ../build/output/libraries/libapps.a(builtin_list.o)
                0x00000000606089f8                register_examples_cmds
 .text.get_builtin_list_cnt
                0x0000000060608a18        0x4 ../build/output/libraries/libapps.a(builtin_list.o)
                0x0000000060608a18                get_builtin_list_cnt
 .text.tash_history
                0x0000000060608a1c       0x5c ../build/output/libraries/libapps.a(tash_command.o)
 .text.tash_clear
                0x0000000060608a78       0x10 ../build/output/libraries/libapps.a(tash_command.o)
 .text.tash_help
                0x0000000060608a88       0xf8 ../build/output/libraries/libapps.a(tash_command.o)
 .text.tash_exit
                0x0000000060608b80       0x24 ../build/output/libraries/libapps.a(tash_command.o)
 .text.tash_reboot
                0x0000000060608ba4       0x1a ../build/output/libraries/libapps.a(tash_command.o)
                0x0000000060608ba4                tash_reboot
 *fill*         0x0000000060608bbe        0x2 
 .text.tash_store_cmd
                0x0000000060608bc0       0x84 ../build/output/libraries/libapps.a(tash_command.o)
                0x0000000060608bc0                tash_store_cmd
 .text.tash_search_cmd
                0x0000000060608c44       0xe8 ../build/output/libraries/libapps.a(tash_command.o)
                0x0000000060608c44                tash_search_cmd
 .text.check_exclam_cmd
                0x0000000060608d2c       0xf4 ../build/output/libraries/libapps.a(tash_command.o)
                0x0000000060608d2c                check_exclam_cmd
 .text.tash_execute_cmd
                0x0000000060608e20      0x114 ../build/output/libraries/libapps.a(tash_command.o)
                0x0000000060608e20                tash_execute_cmd
 .text.tash_do_autocomplete
                0x0000000060608f34       0xe8 ../build/output/libraries/libapps.a(tash_command.o)
                0x0000000060608f34                tash_do_autocomplete
 .text.tash_cmd_install
                0x000000006060901c       0xb8 ../build/output/libraries/libapps.a(tash_command.o)
                0x000000006060901c                tash_cmd_install
 .text.tash_cmdlist_install
                0x00000000606090d4       0x1a ../build/output/libraries/libapps.a(tash_command.o)
                0x00000000606090d4                tash_cmdlist_install
 *fill*         0x00000000606090ee        0x2 
 .text.tash_register_basic_cmds
                0x00000000606090f0        0xc ../build/output/libraries/libapps.a(tash_command.o)
                0x00000000606090f0                tash_register_basic_cmds
 .text.tash_sleep
                0x00000000606090fc       0x2c ../build/output/libraries/libapps.a(tash_sleep.o)
                0x00000000606090fc                tash_sleep
 .text.tash_print_cmd
                0x0000000060609128       0x30 ../build/output/libraries/libapps.a(tash_main.o)
 .text.tash_remove_char
                0x0000000060609158       0x1a ../build/output/libraries/libapps.a(tash_main.o)
 *fill*         0x0000000060609172        0x2 
 .text.tash_read_input_line
                0x0000000060609174      0x260 ../build/output/libraries/libapps.a(tash_main.o)
                0x0000000060609174                tash_read_input_line
 .text.tash_start
                0x00000000606093d4       0x3c ../build/output/libraries/libapps.a(tash_main.o)
                0x00000000606093d4                tash_start
 .text.tash_stop
                0x0000000060609410       0x10 ../build/output/libraries/libapps.a(tash_main.o)
                0x0000000060609410                tash_stop
 .text.tash_execute_cmdline
                0x0000000060609420      0x188 ../build/output/libraries/libapps.a(tash_main.o)
                0x0000000060609420                tash_execute_cmdline
 .text.tash_main
                0x00000000606095a8       0x8c ../build/output/libraries/libapps.a(tash_main.o)
 .text.mem_leak_checker_main
                0x0000000060609634       0x28 ../build/output/libraries/libapps.a(mem_leak_checker_main.o)
                0x0000000060609634                mem_leak_checker_main
 .text.sysinfo  0x000000006060965c       0x78 ../build/output/libraries/libapps.a(sysinfo.o)
                0x000000006060965c                sysinfo
 .text.system_register_utilcmds
                0x00000000606096d4        0xc ../build/output/libraries/libapps.a(systemcmd.o)
                0x00000000606096d4                system_register_utilcmds
 .text.show_usage
                0x00000000606096e0       0x58 ../build/output/libraries/libapps.a(security_level_cmd.o)
 .text.tash_security_level
                0x0000000060609738      0x16c ../build/output/libraries/libapps.a(security_level_cmd.o)
 .text.security_level_register_utilcmds
                0x00000000606098a4       0x14 ../build/output/libraries/libapps.a(security_level_cmd.o)
                0x00000000606098a4                security_level_register_utilcmds
 .text.mount_handler
                0x00000000606098b8       0x60 ../build/output/libraries/libapps.a(fscmd.o)
 .text.df_handler
                0x0000000060609918       0x20 ../build/output/libraries/libapps.a(fscmd.o)
 .text.fscmd_free
                0x0000000060609938        0x8 ../build/output/libraries/libapps.a(fscmd.o)
 .text.tash_rmdir
                0x0000000060609940       0x38 ../build/output/libraries/libapps.a(fscmd.o)
 .text.delete_entry
                0x0000000060609978       0xd4 ../build/output/libraries/libapps.a(fscmd.o)
 .text.tash_rm  0x0000000060609a4c       0x90 ../build/output/libraries/libapps.a(fscmd.o)
 .text.tash_pwd
                0x0000000060609adc       0x1c ../build/output/libraries/libapps.a(fscmd.o)
 .text.tash_umount
                0x0000000060609af8       0x34 ../build/output/libraries/libapps.a(fscmd.o)
 .text.tash_mv  0x0000000060609b2c       0x80 ../build/output/libraries/libapps.a(fscmd.o)
 .text.tash_mkdir
                0x0000000060609bac       0x3c ../build/output/libraries/libapps.a(fscmd.o)
 .text.tash_cd  0x0000000060609be8       0x98 ../build/output/libraries/libapps.a(fscmd.o)
 .text.tash_cat
                0x0000000060609c80      0x1fc ../build/output/libraries/libapps.a(fscmd.o)
 .text.ls_specialdir
                0x0000000060609e7c       0x28 ../build/output/libraries/libapps.a(fscmd.o)
 .text.search_mountpoints
                0x0000000060609ea4       0xcc ../build/output/libraries/libapps.a(fscmd.o)
 .text.ls_handler
                0x0000000060609f70      0x15c ../build/output/libraries/libapps.a(fscmd.o)
 .text.tash_df  0x000000006060a0cc       0x50 ../build/output/libraries/libapps.a(fscmd.o)
 .text.format_filesystem.part.0
                0x000000006060a11c       0x6c ../build/output/libraries/libapps.a(fscmd.o)
 .text.tash_format
                0x000000006060a188       0x58 ../build/output/libraries/libapps.a(fscmd.o)
 .text.tash_echo.part.0
                0x000000006060a1e0      0x1c8 ../build/output/libraries/libapps.a(fscmd.o)
 .text.tash_echo
                0x000000006060a3a8       0x44 ../build/output/libraries/libapps.a(fscmd.o)
 .text.foreach_direntry.constprop.0
                0x000000006060a3ec       0x50 ../build/output/libraries/libapps.a(fscmd.o)
 .text.tash_ls  0x000000006060a43c      0x120 ../build/output/libraries/libapps.a(fscmd.o)
 .text.ls_recursive
                0x000000006060a55c       0x60 ../build/output/libraries/libapps.a(fscmd.o)
 .text.df_man_readable_handler
                0x000000006060a5bc       0xe4 ../build/output/libraries/libapps.a(fscmd.o)
 .text.mount_show
                0x000000006060a6a0       0x10 ../build/output/libraries/libapps.a(fscmd.o)
                0x000000006060a6a0                mount_show
 .text.tash_mount
                0x000000006060a6b0      0x124 ../build/output/libraries/libapps.a(fscmd.o)
 .text.fs_register_utilcmds
                0x000000006060a7d4        0xc ../build/output/libraries/libapps.a(fscmd.o)
                0x000000006060a7d4                fs_register_utilcmds
 .text.nic_display_state
                0x000000006060a7e0      0x270 ../build/output/libraries/libapps.a(netcmd.o)
 .text.cmd_ifconfig
                0x000000006060aa50      0x348 ../build/output/libraries/libapps.a(netcmd.o)
                0x000000006060aa50                cmd_ifconfig
 .text.cmd_ifup
                0x000000006060ad98       0x44 ../build/output/libraries/libapps.a(netcmd.o)
                0x000000006060ad98                cmd_ifup
 .text.cmd_ifdown
                0x000000006060addc       0x44 ../build/output/libraries/libapps.a(netcmd.o)
                0x000000006060addc                cmd_ifdown
 .text.net_register_utilcmds
                0x000000006060ae20        0xc ../build/output/libraries/libapps.a(netcmd.o)
                0x000000006060ae20                net_register_utilcmds
 .text.net_register_appcmds
                0x000000006060ae2c        0xc ../build/output/libraries/libapps.a(netcmd.o)
                0x000000006060ae2c                net_register_appcmds
 .text._set_icmp6_config
                0x000000006060ae38       0x1c ../build/output/libraries/libapps.a(netcmd_ping.o)
 .text._set_icmp4_config
                0x000000006060ae54       0x1c ../build/output/libraries/libapps.a(netcmd_ping.o)
 .text._ping_start
                0x000000006060ae70      0x510 ../build/output/libraries/libapps.a(netcmd_ping.o)
 .text.cmd_ping6
                0x000000006060b380        0xc ../build/output/libraries/libapps.a(netcmd_ping.o)
                0x000000006060b380                cmd_ping6
 .text.cmd_ping
                0x000000006060b38c        0xc ../build/output/libraries/libapps.a(netcmd_ping.o)
                0x000000006060b38c                cmd_ping
 .text.cmd_netmon
                0x000000006060b398      0x130 ../build/output/libraries/libapps.a(netcmd_netmon.o)
                0x000000006060b398                cmd_netmon
 .text.cmd_netstats
                0x000000006060b4c8        0xa ../build/output/libraries/libapps.a(netcmd_netmon.o)
                0x000000006060b4c8                cmd_netstats
 *fill*         0x000000006060b4d2        0x2 
 .text.show_usage
                0x000000006060b4d4       0x60 ../build/output/libraries/libapps.a(netcmd_dhcpd.o)
 .text.cmd_dhcpd
                0x000000006060b534      0x144 ../build/output/libraries/libapps.a(netcmd_dhcpd.o)
                0x000000006060b534                cmd_dhcpd
 .text.utils_date
                0x000000006060b678      0x280 ../build/output/libraries/libapps.a(utils_date.o)
                0x000000006060b678                utils_date
 .text.utils_free
                0x000000006060b8f8       0x74 ../build/output/libraries/libapps.a(utils_free.o)
                0x000000006060b8f8                utils_free
 .text.heapinfo_read_proc
                0x000000006060b96c       0x5c ../build/output/libraries/libapps.a(utils_heapinfo.o)
 .text.heapinfo_print_values
                0x000000006060b9c8       0x74 ../build/output/libraries/libapps.a(utils_heapinfo.o)
 .text.utils_heapinfo
                0x000000006060ba3c      0x318 ../build/output/libraries/libapps.a(utils_heapinfo.o)
                0x000000006060ba3c                utils_heapinfo
 .text.utils_prodconfig
                0x000000006060bd54       0x74 ../build/output/libraries/libapps.a(utils_prodconfig.o)
                0x000000006060bd54                utils_prodconfig
 .text.ps_read_proc
                0x000000006060bdc8       0x5c ../build/output/libraries/libapps.a(utils_ps.o)
 .text.ps_print_values
                0x000000006060be24       0xc8 ../build/output/libraries/libapps.a(utils_ps.o)
 .text.utils_ps
                0x000000006060beec       0x8c ../build/output/libraries/libapps.a(utils_ps.o)
                0x000000006060beec                utils_ps
 .text.utils_uptime
                0x000000006060bf78       0x34 ../build/output/libraries/libapps.a(utils_uptime.o)
                0x000000006060bf78                utils_uptime
 .text.utils_proc_pid_foreach
                0x000000006060bfac       0x68 ../build/output/libraries/libapps.a(utils_proc.o)
                0x000000006060bfac                utils_proc_pid_foreach
 .text.utils_readfile
                0x000000006060c014       0x9c ../build/output/libraries/libapps.a(utils_proc.o)
                0x000000006060c014                utils_readfile
 .text._ZN11CHelloWorldD2Ev
                0x000000006060c0b0        0x2 ../build/output/libraries/libapps.a(helloxx_main.o)
                0x000000006060c0b0                CHelloWorld::~CHelloWorld()
                0x000000006060c0b0                CHelloWorld::~CHelloWorld()
 *fill*         0x000000006060c0b2        0x2 
 .text._ZN11CHelloWorld10HelloWorldEv.isra.0
                0x000000006060c0b4       0x14 ../build/output/libraries/libapps.a(helloxx_main.o)
 .text.helloxx_main
                0x000000006060c0c8       0x60 ../build/output/libraries/libapps.a(helloxx_main.o)
                0x000000006060c0c8                helloxx_main
 .text.startup._GLOBAL__sub_I_helloxx_main
                0x000000006060c128       0x1c ../build/output/libraries/libapps.a(helloxx_main.o)
 .text.hello_main
                0x000000006060c144       0x10 ../build/output/libraries/libapps.a(hello_main.o)
                0x000000006060c144                hello_main
 .text.tash_init
                0x000000006060c154        0xa ../build/output/libraries/libapps.a(tash_init.o)
                0x000000006060c154                tash_init
 *fill*         0x000000006060c15e        0x2 
 .text.tash_pm_open_driver
                0x000000006060c160       0x20 ../build/output/libraries/libapps.a(tash_pm.o)
                0x000000006060c160                tash_pm_open_driver
 .text.tash_pm_close_driver
                0x000000006060c180       0x1c ../build/output/libraries/libapps.a(tash_pm.o)
                0x000000006060c180                tash_pm_close_driver
 .text.tash_pm_get_domain_id
                0x000000006060c19c       0x38 ../build/output/libraries/libapps.a(tash_pm.o)
                0x000000006060c19c                tash_pm_get_domain_id
 .text.tash_pm_timedsuspend
                0x000000006060c1d4       0x28 ../build/output/libraries/libapps.a(tash_pm.o)
                0x000000006060c1d4                tash_pm_timedsuspend
 .text.show_usage
                0x000000006060c1fc       0x2c ../build/output/libraries/libapps.a(netdb_main.o)
 .text.netdb_main
                0x000000006060c228      0x148 ../build/output/libraries/libapps.a(netdb_main.o)
                0x000000006060c228                netdb_main
 .text.getwd    0x000000006060c370       0x14 ../build/output/libraries/libapps.a(fs_getpath.o)
                0x000000006060c370                getwd
 .text.get_dirpath
                0x000000006060c384       0x74 ../build/output/libraries/libapps.a(fs_getpath.o)
                0x000000006060c384                get_dirpath
 .text.get_fullpath
                0x000000006060c3f8       0x48 ../build/output/libraries/libapps.a(fs_getpath.o)
                0x000000006060c3f8                get_fullpath
 .text.unlikely
                0x000000006060c440        0xc /bin/../lib/gcc/arm-none-eabi/10.3.1/thumb/v8-a+simd/hard/libgcc.a(pr-support.o)
                0x000000006060c440                _Unwind_GetDataRelBase
                0x000000006060c446                _Unwind_GetTextRelBase
 .text.__aeabi_atexit
                0x000000006060c44c        0xc /bin/../lib/gcc/arm-none-eabi/10.3.1/../../../../arm-none-eabi/lib/thumb/v8-a+simd/hard/libsupc++.a(atexit_arm.o)
                0x000000006060c44c                __aeabi_atexit
 .text._ZdlPv   0x000000006060c458        0x4 /bin/../lib/gcc/arm-none-eabi/10.3.1/../../../../arm-none-eabi/lib/thumb/v8-a+simd/hard/libsupc++.a(del_op.o)
                0x000000006060c458                operator delete(void*)
 .text._Znwj    0x000000006060c45c       0x40 /bin/../lib/gcc/arm-none-eabi/10.3.1/../../../../arm-none-eabi/lib/thumb/v8-a+simd/hard/libsupc++.a(new_op.o)
                0x000000006060c45c                operator new(unsigned int)
 .text._ZNKSt9bad_alloc4whatEv
                0x000000006060c49c        0xc /bin/../lib/gcc/arm-none-eabi/10.3.1/../../../../arm-none-eabi/lib/thumb/v8-a+simd/hard/libsupc++.a(bad_alloc.o)
                0x000000006060c49c                std::bad_alloc::what() const
 .text._ZNSt9bad_allocD2Ev
                0x000000006060c4a8       0x14 /bin/../lib/gcc/arm-none-eabi/10.3.1/../../../../arm-none-eabi/lib/thumb/v8-a+simd/hard/libsupc++.a(bad_alloc.o)
                0x000000006060c4a8                std::bad_alloc::~bad_alloc()
                0x000000006060c4a8                std::bad_alloc::~bad_alloc()
 .text._ZNSt9bad_allocD0Ev
                0x000000006060c4bc       0x1c /bin/../lib/gcc/arm-none-eabi/10.3.1/../../../../arm-none-eabi/lib/thumb/v8-a+simd/hard/libsupc++.a(bad_alloc.o)
                0x000000006060c4bc                std::bad_alloc::~bad_alloc()
 .text._ZdlPvj  0x000000006060c4d8        0x4 /bin/../lib/gcc/arm-none-eabi/10.3.1/../../../../arm-none-eabi/lib/thumb/v8-a+simd/hard/libsupc++.a(del_ops.o)
                0x000000006060c4d8                operator delete(void*, unsigned int)
 .text._ZN12_GLOBAL__N_14pool4freeEPv.constprop.0
                0x000000006060c4dc       0x80 /bin/../lib/gcc/arm-none-eabi/10.3.1/../../../../arm-none-eabi/lib/thumb/v8-a+simd/hard/libsupc++.a(eh_alloc.o)
 .text._ZN12_GLOBAL__N_14pool8allocateEj.constprop.0
                0x000000006060c55c       0x5c /bin/../lib/gcc/arm-none-eabi/10.3.1/../../../../arm-none-eabi/lib/thumb/v8-a+simd/hard/libsupc++.a(eh_alloc.o)
 .text._ZN9__gnu_cxx9__freeresEv
                0x000000006060c5b8       0x18 /bin/../lib/gcc/arm-none-eabi/10.3.1/../../../../arm-none-eabi/lib/thumb/v8-a+simd/hard/libsupc++.a(eh_alloc.o)
                0x000000006060c5b8                __gnu_cxx::__freeres()
 .text.__cxa_allocate_exception
                0x000000006060c5d0       0x30 /bin/../lib/gcc/arm-none-eabi/10.3.1/../../../../arm-none-eabi/lib/thumb/v8-a+simd/hard/libsupc++.a(eh_alloc.o)
                0x000000006060c5d0                __cxa_allocate_exception
 .text.__cxa_free_exception
                0x000000006060c600       0x20 /bin/../lib/gcc/arm-none-eabi/10.3.1/../../../../arm-none-eabi/lib/thumb/v8-a+simd/hard/libsupc++.a(eh_alloc.o)
                0x000000006060c600                __cxa_free_exception
 .text.__cxa_allocate_dependent_exception
                0x000000006060c620       0x28 /bin/../lib/gcc/arm-none-eabi/10.3.1/../../../../arm-none-eabi/lib/thumb/v8-a+simd/hard/libsupc++.a(eh_alloc.o)
                0x000000006060c620                __cxa_allocate_dependent_exception
 .text.__cxa_free_dependent_exception
                0x000000006060c648       0x24 /bin/../lib/gcc/arm-none-eabi/10.3.1/../../../../arm-none-eabi/lib/thumb/v8-a+simd/hard/libsupc++.a(eh_alloc.o)
                0x000000006060c648                __cxa_free_dependent_exception
 .text.startup._GLOBAL__sub_I__ZN9__gnu_cxx9__freeresEv
                0x000000006060c66c       0x2c /bin/../lib/gcc/arm-none-eabi/10.3.1/../../../../arm-none-eabi/lib/thumb/v8-a+simd/hard/libsupc++.a(eh_alloc.o)
 .text._ZNSt9exceptionD2Ev
                0x000000006060c698        0x4 /bin/../lib/gcc/arm-none-eabi/10.3.1/../../../../arm-none-eabi/lib/thumb/v8-a+simd/hard/libsupc++.a(eh_exception.o)
                0x000000006060c698                std::exception::~exception()
                0x000000006060c698                std::exception::~exception()
 .text._ZNSt13bad_exceptionD2Ev
                0x000000006060c69c        0x4 /bin/../lib/gcc/arm-none-eabi/10.3.1/../../../../arm-none-eabi/lib/thumb/v8-a+simd/hard/libsupc++.a(eh_exception.o)
                0x000000006060c69c                std::bad_exception::~bad_exception()
                0x000000006060c69c                std::bad_exception::~bad_exception()
 .text._ZNKSt9exception4whatEv
                0x000000006060c6a0        0xc /bin/../lib/gcc/arm-none-eabi/10.3.1/../../../../arm-none-eabi/lib/thumb/v8-a+simd/hard/libsupc++.a(eh_exception.o)
                0x000000006060c6a0                transaction clone for std::exception::what() const
                0x000000006060c6a0                std::exception::what() const
 .text._ZNKSt13bad_exception4whatEv
                0x000000006060c6ac        0xc /bin/../lib/gcc/arm-none-eabi/10.3.1/../../../../arm-none-eabi/lib/thumb/v8-a+simd/hard/libsupc++.a(eh_exception.o)
                0x000000006060c6ac                transaction clone for std::bad_exception::what() const
                0x000000006060c6ac                std::bad_exception::what() const
 .text._ZNSt9exceptionD0Ev
                0x000000006060c6b8       0x10 /bin/../lib/gcc/arm-none-eabi/10.3.1/../../../../arm-none-eabi/lib/thumb/v8-a+simd/hard/libsupc++.a(eh_exception.o)
                0x000000006060c6b8                std::exception::~exception()
 .text._ZNSt13bad_exceptionD0Ev
                0x000000006060c6c8       0x10 /bin/../lib/gcc/arm-none-eabi/10.3.1/../../../../arm-none-eabi/lib/thumb/v8-a+simd/hard/libsupc++.a(eh_exception.o)
                0x000000006060c6c8                std::bad_exception::~bad_exception()
 .text._ZN10__cxxabiv115__forced_unwindD2Ev
                0x000000006060c6d8        0x4 /bin/../lib/gcc/arm-none-eabi/10.3.1/../../../../arm-none-eabi/lib/thumb/v8-a+simd/hard/libsupc++.a(eh_exception.o)
                0x000000006060c6d8                __cxxabiv1::__forced_unwind::~__forced_unwind()
                0x000000006060c6d8                __cxxabiv1::__forced_unwind::~__forced_unwind()
 .text._ZN10__cxxabiv115__forced_unwindD0Ev
                0x000000006060c6dc       0x10 /bin/../lib/gcc/arm-none-eabi/10.3.1/../../../../arm-none-eabi/lib/thumb/v8-a+simd/hard/libsupc++.a(eh_exception.o)
                0x000000006060c6dc                __cxxabiv1::__forced_unwind::~__forced_unwind()
 .text._ZN10__cxxabiv119__foreign_exceptionD2Ev
                0x000000006060c6ec        0x4 /bin/../lib/gcc/arm-none-eabi/10.3.1/../../../../arm-none-eabi/lib/thumb/v8-a+simd/hard/libsupc++.a(eh_exception.o)
                0x000000006060c6ec                __cxxabiv1::__foreign_exception::~__foreign_exception()
                0x000000006060c6ec                __cxxabiv1::__foreign_exception::~__foreign_exception()
 .text._ZN10__cxxabiv119__foreign_exceptionD0Ev
                0x000000006060c6f0       0x10 /bin/../lib/gcc/arm-none-eabi/10.3.1/../../../../arm-none-eabi/lib/thumb/v8-a+simd/hard/libsupc++.a(eh_exception.o)
                0x000000006060c6f0                __cxxabiv1::__foreign_exception::~__foreign_exception()
 .text._ZGTtNKSt9exceptionD1Ev
                0x000000006060c700        0x4 /bin/../lib/gcc/arm-none-eabi/10.3.1/../../../../arm-none-eabi/lib/thumb/v8-a+simd/hard/libsupc++.a(eh_exception.o)
                0x000000006060c700                transaction clone for std::exception::~exception() const
 .text._ZGTtNKSt13bad_exceptionD1Ev
                0x000000006060c704        0x4 /bin/../lib/gcc/arm-none-eabi/10.3.1/../../../../arm-none-eabi/lib/thumb/v8-a+simd/hard/libsupc++.a(eh_exception.o)
                0x000000006060c704                transaction clone for std::bad_exception::~bad_exception() const
 .text._ZN10__cxxabiv111__terminateEPFvvE
                0x000000006060c708       0x28 /bin/../lib/gcc/arm-none-eabi/10.3.1/../../../../arm-none-eabi/lib/thumb/v8-a+simd/hard/libsupc++.a(eh_terminate.o)
                0x000000006060c708                __cxxabiv1::__terminate(void (*)())
 .text._ZSt9terminatev
                0x000000006060c730       0x14 /bin/../lib/gcc/arm-none-eabi/10.3.1/../../../../arm-none-eabi/lib/thumb/v8-a+simd/hard/libsupc++.a(eh_terminate.o)
                0x000000006060c730                std::terminate()
 .text._ZN10__cxxabiv112__unexpectedEPFvvE
                0x000000006060c744        0x8 /bin/../lib/gcc/arm-none-eabi/10.3.1/../../../../arm-none-eabi/lib/thumb/v8-a+simd/hard/libsupc++.a(eh_terminate.o)
                0x000000006060c744                __cxxabiv1::__unexpected(void (*)())
 .text._ZSt10unexpectedv
                0x000000006060c74c       0x14 /bin/../lib/gcc/arm-none-eabi/10.3.1/../../../../arm-none-eabi/lib/thumb/v8-a+simd/hard/libsupc++.a(eh_terminate.o)
                0x000000006060c74c                std::unexpected()
 .text._ZSt13set_terminatePFvvE
                0x000000006060c760       0x24 /bin/../lib/gcc/arm-none-eabi/10.3.1/../../../../arm-none-eabi/lib/thumb/v8-a+simd/hard/libsupc++.a(eh_terminate.o)
                0x000000006060c760                std::set_terminate(void (*)())
 .text._ZSt13get_terminatev
                0x000000006060c784       0x10 /bin/../lib/gcc/arm-none-eabi/10.3.1/../../../../arm-none-eabi/lib/thumb/v8-a+simd/hard/libsupc++.a(eh_terminate.o)
                0x000000006060c784                std::get_terminate()
 .text._ZSt14set_unexpectedPFvvE
                0x000000006060c794       0x24 /bin/../lib/gcc/arm-none-eabi/10.3.1/../../../../arm-none-eabi/lib/thumb/v8-a+simd/hard/libsupc++.a(eh_terminate.o)
                0x000000006060c794                std::set_unexpected(void (*)())
 .text._ZSt14get_unexpectedv
                0x000000006060c7b8       0x10 /bin/../lib/gcc/arm-none-eabi/10.3.1/../../../../arm-none-eabi/lib/thumb/v8-a+simd/hard/libsupc++.a(eh_terminate.o)
                0x000000006060c7b8                std::get_unexpected()
 .text._ZL23__gxx_exception_cleanup19_Unwind_Reason_CodeP21_Unwind_Control_Block
                0x000000006060c7c8       0x3c /bin/../lib/gcc/arm-none-eabi/10.3.1/../../../../arm-none-eabi/lib/thumb/v8-a+simd/hard/libsupc++.a(eh_throw.o)
 .text.__cxa_init_primary_exception
                0x000000006060c804       0x60 /bin/../lib/gcc/arm-none-eabi/10.3.1/../../../../arm-none-eabi/lib/thumb/v8-a+simd/hard/libsupc++.a(eh_throw.o)
                0x000000006060c804                __cxa_init_primary_exception
 .text.__cxa_throw
                0x000000006060c864       0x38 /bin/../lib/gcc/arm-none-eabi/10.3.1/../../../../arm-none-eabi/lib/thumb/v8-a+simd/hard/libsupc++.a(eh_throw.o)
                0x000000006060c864                __cxa_throw
 .text.__cxa_rethrow
                0x000000006060c89c       0x70 /bin/../lib/gcc/arm-none-eabi/10.3.1/../../../../arm-none-eabi/lib/thumb/v8-a+simd/hard/libsupc++.a(eh_throw.o)
                0x000000006060c89c                __cxa_rethrow
 .text._ZSt15set_new_handlerPFvvE
                0x000000006060c90c       0x18 /bin/../lib/gcc/arm-none-eabi/10.3.1/../../../../arm-none-eabi/lib/thumb/v8-a+simd/hard/libsupc++.a(new_handler.o)
                0x000000006060c90c                std::set_new_handler(void (*)())
 .text._ZSt15get_new_handlerv
                0x000000006060c924       0x10 /bin/../lib/gcc/arm-none-eabi/10.3.1/../../../../arm-none-eabi/lib/thumb/v8-a+simd/hard/libsupc++.a(new_handler.o)
                0x000000006060c924                std::get_new_handler()
 .text.__cxa_pure_virtual
                0x000000006060c934       0x18 /bin/../lib/gcc/arm-none-eabi/10.3.1/../../../../arm-none-eabi/lib/thumb/v8-a+simd/hard/libsupc++.a(pure.o)
                0x000000006060c934                __cxa_pure_virtual
 .text.__cxa_deleted_virtual
                0x000000006060c94c       0x18 /bin/../lib/gcc/arm-none-eabi/10.3.1/../../../../arm-none-eabi/lib/thumb/v8-a+simd/hard/libsupc++.a(pure.o)
                0x000000006060c94c                __cxa_deleted_virtual
 .text._ZN10__cxxabiv120__si_class_type_infoD2Ev
                0x000000006060c964       0x14 /bin/../lib/gcc/arm-none-eabi/10.3.1/../../../../arm-none-eabi/lib/thumb/v8-a+simd/hard/libsupc++.a(si_class_type_info.o)
                0x000000006060c964                __cxxabiv1::__si_class_type_info::~__si_class_type_info()
                0x000000006060c964                __cxxabiv1::__si_class_type_info::~__si_class_type_info()
 .text._ZN10__cxxabiv120__si_class_type_infoD0Ev
                0x000000006060c978       0x1c /bin/../lib/gcc/arm-none-eabi/10.3.1/../../../../arm-none-eabi/lib/thumb/v8-a+simd/hard/libsupc++.a(si_class_type_info.o)
                0x000000006060c978                __cxxabiv1::__si_class_type_info::~__si_class_type_info()
 .text._ZNK10__cxxabiv120__si_class_type_info20__do_find_public_srcEiPKvPKNS_17__class_type_infoES2_
                0x000000006060c994       0x3c /bin/../lib/gcc/arm-none-eabi/10.3.1/../../../../arm-none-eabi/lib/thumb/v8-a+simd/hard/libsupc++.a(si_class_type_info.o)
                0x000000006060c994                __cxxabiv1::__si_class_type_info::__do_find_public_src(int, void const*, __cxxabiv1::__class_type_info const*, void const*) const
 .text._ZNK10__cxxabiv120__si_class_type_info12__do_dyncastEiNS_17__class_type_info10__sub_kindEPKS1_PKvS4_S6_RNS1_16__dyncast_resultE
                0x000000006060c9d0       0x84 /bin/../lib/gcc/arm-none-eabi/10.3.1/../../../../arm-none-eabi/lib/thumb/v8-a+simd/hard/libsupc++.a(si_class_type_info.o)
                0x000000006060c9d0                __cxxabiv1::__si_class_type_info::__do_dyncast(int, __cxxabiv1::__class_type_info::__sub_kind, __cxxabiv1::__class_type_info const*, void const*, __cxxabiv1::__class_type_info const*, void const*, __cxxabiv1::__class_type_info::__dyncast_result&) const
 .text._ZNK10__cxxabiv120__si_class_type_info11__do_upcastEPKNS_17__class_type_infoEPKvRNS1_15__upcast_resultE
                0x000000006060ca54       0x2c /bin/../lib/gcc/arm-none-eabi/10.3.1/../../../../arm-none-eabi/lib/thumb/v8-a+simd/hard/libsupc++.a(si_class_type_info.o)
                0x000000006060ca54                __cxxabiv1::__si_class_type_info::__do_upcast(__cxxabiv1::__class_type_info const*, void const*, __cxxabiv1::__class_type_info::__upcast_result&) const
 .text._ZNSt9type_infoD2Ev
                0x000000006060ca80        0x4 /bin/../lib/gcc/arm-none-eabi/10.3.1/../../../../arm-none-eabi/lib/thumb/v8-a+simd/hard/libsupc++.a(tinfo.o)
                0x000000006060ca80                std::type_info::~type_info()
                0x000000006060ca80                std::type_info::~type_info()
 .text._ZNKSt9type_info14__is_pointer_pEv
                0x000000006060ca84        0x4 /bin/../lib/gcc/arm-none-eabi/10.3.1/../../../../arm-none-eabi/lib/thumb/v8-a+simd/hard/libsupc++.a(tinfo.o)
                0x000000006060ca84                std::type_info::__is_function_p() const
                0x000000006060ca84                std::type_info::__is_pointer_p() const
 .text._ZNKSt9type_info11__do_upcastEPKN10__cxxabiv117__class_type_infoEPPv
                0x000000006060ca88        0x4 /bin/../lib/gcc/arm-none-eabi/10.3.1/../../../../arm-none-eabi/lib/thumb/v8-a+simd/hard/libsupc++.a(tinfo.o)
                0x000000006060ca88                std::type_info::__do_upcast(__cxxabiv1::__class_type_info const*, void**) const
 .text._ZNSt9type_infoD0Ev
                0x000000006060ca8c       0x10 /bin/../lib/gcc/arm-none-eabi/10.3.1/../../../../arm-none-eabi/lib/thumb/v8-a+simd/hard/libsupc++.a(tinfo.o)
                0x000000006060ca8c                std::type_info::~type_info()
 .text._ZNKSt9type_info10__do_catchEPKS_PPvj
                0x000000006060ca9c       0x2c /bin/../lib/gcc/arm-none-eabi/10.3.1/../../../../arm-none-eabi/lib/thumb/v8-a+simd/hard/libsupc++.a(tinfo.o)
                0x000000006060ca9c                std::type_info::__do_catch(std::type_info const*, void**, unsigned int) const
 .text._ZNKSt9type_infoeqERKS_
                0x000000006060cac8       0x2c /bin/../lib/gcc/arm-none-eabi/10.3.1/../../../../arm-none-eabi/lib/thumb/v8-a+simd/hard/libsupc++.a(tinfo.o)
                0x000000006060cac8                std::type_info::operator==(std::type_info const&) const
 .text._ZN9__gnu_cxx27__verbose_terminate_handlerEv
                0x000000006060caf4      0x128 /bin/../lib/gcc/arm-none-eabi/10.3.1/../../../../arm-none-eabi/lib/thumb/v8-a+simd/hard/libsupc++.a(vterminate.o)
                0x000000006060caf4                __gnu_cxx::__verbose_terminate_handler()
 .text._ZNK10__cxxabiv117__class_type_info11__do_upcastEPKS0_PPv
                0x000000006060cc1c       0x38 /bin/../lib/gcc/arm-none-eabi/10.3.1/../../../../arm-none-eabi/lib/thumb/v8-a+simd/hard/libsupc++.a(class_type_info.o)
                0x000000006060cc1c                __cxxabiv1::__class_type_info::__do_upcast(__cxxabiv1::__class_type_info const*, void**) const
 .text._ZNK10__cxxabiv117__class_type_info20__do_find_public_srcEiPKvPKS0_S2_
                0x000000006060cc54       0x10 /bin/../lib/gcc/arm-none-eabi/10.3.1/../../../../arm-none-eabi/lib/thumb/v8-a+simd/hard/libsupc++.a(class_type_info.o)
                0x000000006060cc54                __cxxabiv1::__class_type_info::__do_find_public_src(int, void const*, __cxxabiv1::__class_type_info const*, void const*) const
 .text._ZN10__cxxabiv117__class_type_infoD2Ev
                0x000000006060cc64       0x14 /bin/../lib/gcc/arm-none-eabi/10.3.1/../../../../arm-none-eabi/lib/thumb/v8-a+simd/hard/libsupc++.a(class_type_info.o)
                0x000000006060cc64                __cxxabiv1::__class_type_info::~__class_type_info()
                0x000000006060cc64                __cxxabiv1::__class_type_info::~__class_type_info()
 .text._ZN10__cxxabiv117__class_type_infoD0Ev
                0x000000006060cc78       0x1c /bin/../lib/gcc/arm-none-eabi/10.3.1/../../../../arm-none-eabi/lib/thumb/v8-a+simd/hard/libsupc++.a(class_type_info.o)
                0x000000006060cc78                __cxxabiv1::__class_type_info::~__class_type_info()
 .text._ZNK10__cxxabiv117__class_type_info12__do_dyncastEiNS0_10__sub_kindEPKS0_PKvS3_S5_RNS0_16__dyncast_resultE
                0x000000006060cc94       0x44 /bin/../lib/gcc/arm-none-eabi/10.3.1/../../../../arm-none-eabi/lib/thumb/v8-a+simd/hard/libsupc++.a(class_type_info.o)
                0x000000006060cc94                __cxxabiv1::__class_type_info::__do_dyncast(int, __cxxabiv1::__class_type_info::__sub_kind, __cxxabiv1::__class_type_info const*, void const*, __cxxabiv1::__class_type_info const*, void const*, __cxxabiv1::__class_type_info::__dyncast_result&) const
 .text._ZNK10__cxxabiv117__class_type_info11__do_upcastEPKS0_PKvRNS0_15__upcast_resultE
                0x000000006060ccd8       0x1c /bin/../lib/gcc/arm-none-eabi/10.3.1/../../../../arm-none-eabi/lib/thumb/v8-a+simd/hard/libsupc++.a(class_type_info.o)
                0x000000006060ccd8                __cxxabiv1::__class_type_info::__do_upcast(__cxxabiv1::__class_type_info const*, void const*, __cxxabiv1::__class_type_info::__upcast_result&) const
 .text._ZNK10__cxxabiv117__class_type_info10__do_catchEPKSt9type_infoPPvj
                0x000000006060ccf4       0x2c /bin/../lib/gcc/arm-none-eabi/10.3.1/../../../../arm-none-eabi/lib/thumb/v8-a+simd/hard/libsupc++.a(class_type_info.o)
                0x000000006060ccf4                __cxxabiv1::__class_type_info::__do_catch(std::type_info const*, void**, unsigned int) const
 .text.__cxa_end_cleanup
                0x000000006060cd20        0xc /bin/../lib/gcc/arm-none-eabi/10.3.1/../../../../arm-none-eabi/lib/thumb/v8-a+simd/hard/libsupc++.a(eh_arm.o)
                0x000000006060cd20                __cxa_end_cleanup
 .text.__cxa_type_match
                0x000000006060cd2c       0xb4 /bin/../lib/gcc/arm-none-eabi/10.3.1/../../../../arm-none-eabi/lib/thumb/v8-a+simd/hard/libsupc++.a(eh_arm.o)
                0x000000006060cd2c                __cxa_type_match
 .text.__cxa_begin_cleanup
                0x000000006060cde0       0x64 /bin/../lib/gcc/arm-none-eabi/10.3.1/../../../../arm-none-eabi/lib/thumb/v8-a+simd/hard/libsupc++.a(eh_arm.o)
                0x000000006060cde0                __cxa_begin_cleanup
 .text.__gnu_end_cleanup
                0x000000006060ce44       0x70 /bin/../lib/gcc/arm-none-eabi/10.3.1/../../../../arm-none-eabi/lib/thumb/v8-a+simd/hard/libsupc++.a(eh_arm.o)
                0x000000006060ce44                __gnu_end_cleanup
 .text._ZN10__cxxabiv1L24__is_gxx_exception_classEPc
                0x000000006060ceb4       0x3c /bin/../lib/gcc/arm-none-eabi/10.3.1/../../../../arm-none-eabi/lib/thumb/v8-a+simd/hard/libsupc++.a(eh_call.o)
 .text.__cxa_call_terminate
                0x000000006060cef0       0x20 /bin/../lib/gcc/arm-none-eabi/10.3.1/../../../../arm-none-eabi/lib/thumb/v8-a+simd/hard/libsupc++.a(eh_call.o)
                0x000000006060cef0                __cxa_call_terminate
 .text.unlikely.__cxa_call_unexpected
                0x000000006060cf10       0xf0 /bin/../lib/gcc/arm-none-eabi/10.3.1/../../../../arm-none-eabi/lib/thumb/v8-a+simd/hard/libsupc++.a(eh_call.o)
                0x000000006060cf10                __cxa_call_unexpected
 .text.__cxa_get_exception_ptr
                0x000000006060d000        0x4 /bin/../lib/gcc/arm-none-eabi/10.3.1/../../../../arm-none-eabi/lib/thumb/v8-a+simd/hard/libsupc++.a(eh_catch.o)
                0x000000006060d000                __cxa_get_exception_ptr
 .text.__cxa_begin_catch
                0x000000006060d004       0x7c /bin/../lib/gcc/arm-none-eabi/10.3.1/../../../../arm-none-eabi/lib/thumb/v8-a+simd/hard/libsupc++.a(eh_catch.o)
                0x000000006060d004                __cxa_begin_catch
 .text.__cxa_end_catch
                0x000000006060d080       0x88 /bin/../lib/gcc/arm-none-eabi/10.3.1/../../../../arm-none-eabi/lib/thumb/v8-a+simd/hard/libsupc++.a(eh_catch.o)
                0x000000006060d080                __cxa_end_catch
 .text._ZSt18uncaught_exceptionv
                0x000000006060d108       0x10 /bin/../lib/gcc/arm-none-eabi/10.3.1/../../../../arm-none-eabi/lib/thumb/v8-a+simd/hard/libsupc++.a(eh_catch.o)
                0x000000006060d108                std::uncaught_exception()
 .text._ZSt19uncaught_exceptionsv
                0x000000006060d118        0xc /bin/../lib/gcc/arm-none-eabi/10.3.1/../../../../arm-none-eabi/lib/thumb/v8-a+simd/hard/libsupc++.a(eh_catch.o)
                0x000000006060d118                std::uncaught_exceptions()
 .text.__cxa_get_globals_fast
                0x000000006060d124        0xc /bin/../lib/gcc/arm-none-eabi/10.3.1/../../../../arm-none-eabi/lib/thumb/v8-a+simd/hard/libsupc++.a(eh_globals.o)
                0x000000006060d124                __cxa_get_globals_fast
 .text.__cxa_get_globals
                0x000000006060d130        0xc /bin/../lib/gcc/arm-none-eabi/10.3.1/../../../../arm-none-eabi/lib/thumb/v8-a+simd/hard/libsupc++.a(eh_globals.o)
                0x000000006060d130                __cxa_get_globals
 .text._ZL28read_encoded_value_with_basehjPKhPj
                0x000000006060d13c       0xc4 /bin/../lib/gcc/arm-none-eabi/10.3.1/../../../../arm-none-eabi/lib/thumb/v8-a+simd/hard/libsupc++.a(eh_personality.o)
 .text._ZL21base_of_encoded_valuehP15_Unwind_Context
                0x000000006060d200       0x48 /bin/../lib/gcc/arm-none-eabi/10.3.1/../../../../arm-none-eabi/lib/thumb/v8-a+simd/hard/libsupc++.a(eh_personality.o)
 .text._ZL17parse_lsda_headerP15_Unwind_ContextPKhP16lsda_header_info
                0x000000006060d248       0x94 /bin/../lib/gcc/arm-none-eabi/10.3.1/../../../../arm-none-eabi/lib/thumb/v8-a+simd/hard/libsupc++.a(eh_personality.o)
 .text.__gxx_personality_v0
                0x000000006060d2dc      0x4b8 /bin/../lib/gcc/arm-none-eabi/10.3.1/../../../../arm-none-eabi/lib/thumb/v8-a+simd/hard/libsupc++.a(eh_personality.o)
                0x000000006060d2dc                __gxx_personality_v0
 .text.__cxa_current_exception_type
                0x000000006060d794       0x1c /bin/../lib/gcc/arm-none-eabi/10.3.1/../../../../arm-none-eabi/lib/thumb/v8-a+simd/hard/libsupc++.a(eh_type.o)
                0x000000006060d794                __cxa_current_exception_type
 .text.boardctl
                0x000000006060d7b0       0x10 ../build/output/libraries/libproxies.a(PROXY_boardctl.o)
                0x000000006060d7b0                boardctl
 .text.clock    0x000000006060d7c0        0xc ../build/output/libraries/libproxies.a(PROXY_clock.o)
                0x000000006060d7c0                clock
 .text.clock_gettime
                0x000000006060d7cc       0x10 ../build/output/libraries/libproxies.a(PROXY_clock_gettime.o)
                0x000000006060d7cc                clock_gettime
 .text.clock_settime
                0x000000006060d7dc       0x10 ../build/output/libraries/libproxies.a(PROXY_clock_settime.o)
                0x000000006060d7dc                clock_settime
 .text.close    0x000000006060d7ec        0xc ../build/output/libraries/libproxies.a(PROXY_close.o)
                0x000000006060d7ec                close
 .text.closedir
                0x000000006060d7f8        0xc ../build/output/libraries/libproxies.a(PROXY_closedir.o)
                0x000000006060d7f8                closedir
 .text.exit     0x000000006060d804        0xa ../build/output/libraries/libproxies.a(PROXY_exit.o)
                0x000000006060d804                exit
 .text.get_errno
                0x000000006060d80e        0xa ../build/output/libraries/libproxies.a(PROXY_get_errno.o)
                0x000000006060d80e                get_errno
 .text.getenv   0x000000006060d818        0xc ../build/output/libraries/libproxies.a(PROXY_getenv.o)
                0x000000006060d818                getenv
 .text.lseek    0x000000006060d824       0x10 ../build/output/libraries/libproxies.a(PROXY_lseek.o)
                0x000000006060d824                lseek
 .text.mkdir    0x000000006060d834       0x10 ../build/output/libraries/libproxies.a(PROXY_mkdir.o)
                0x000000006060d834                mkdir
 .text.mount    0x000000006060d844       0x14 ../build/output/libraries/libproxies.a(PROXY_mount.o)
                0x000000006060d844                mount
 .text.mq_close
                0x000000006060d858        0xc ../build/output/libraries/libproxies.a(PROXY_mq_close.o)
                0x000000006060d858                mq_close
 .text.mq_open  0x000000006060d864       0x24 ../build/output/libraries/libproxies.a(PROXY_mq_open.o)
                0x000000006060d864                mq_open
 .text.mq_receive
                0x000000006060d888       0x12 ../build/output/libraries/libproxies.a(PROXY_mq_receive.o)
                0x000000006060d888                mq_receive
 .text.mq_send  0x000000006060d89a       0x12 ../build/output/libraries/libproxies.a(PROXY_mq_send.o)
                0x000000006060d89a                mq_send
 .text.mq_unlink
                0x000000006060d8ac        0xc ../build/output/libraries/libproxies.a(PROXY_mq_unlink.o)
                0x000000006060d8ac                mq_unlink
 .text.nanosleep
                0x000000006060d8b8       0x10 ../build/output/libraries/libproxies.a(PROXY_nanosleep.o)
                0x000000006060d8b8                nanosleep
 .text.open     0x000000006060d8c8       0x24 ../build/output/libraries/libproxies.a(PROXY_open.o)
                0x000000006060d8c8                open
 .text.opendir  0x000000006060d8ec        0xc ../build/output/libraries/libproxies.a(PROXY_opendir.o)
                0x000000006060d8ec                opendir
 .text.prctl    0x000000006060d8f8       0x24 ../build/output/libraries/libproxies.a(PROXY_prctl.o)
                0x000000006060d8f8                prctl
 .text.pthread_exit
                0x000000006060d91c        0xa ../build/output/libraries/libproxies.a(PROXY_pthread_exit.o)
                0x000000006060d91c                pthread_exit
 .text.pthread_mutex_lock
                0x000000006060d926        0xc ../build/output/libraries/libproxies.a(PROXY_pthread_mutex_lock.o)
                0x000000006060d926                pthread_mutex_lock
 .text.pthread_mutex_unlock
                0x000000006060d932        0xc ../build/output/libraries/libproxies.a(PROXY_pthread_mutex_unlock.o)
                0x000000006060d932                pthread_mutex_unlock
 .text.read     0x000000006060d93e       0x10 ../build/output/libraries/libproxies.a(PROXY_read.o)
                0x000000006060d93e                read
 .text.readdir  0x000000006060d94e        0xc ../build/output/libraries/libproxies.a(PROXY_readdir.o)
                0x000000006060d94e                readdir
 .text.recvfrom
                0x000000006060d95a       0x16 ../build/output/libraries/libproxies.a(PROXY_recvfrom.o)
                0x000000006060d95a                recvfrom
 .text.rename   0x000000006060d970       0x10 ../build/output/libraries/libproxies.a(PROXY_rename.o)
                0x000000006060d970                rename
 .text.rmdir    0x000000006060d980        0xc ../build/output/libraries/libproxies.a(PROXY_rmdir.o)
                0x000000006060d980                rmdir
 .text.select   0x000000006060d98c       0x14 ../build/output/libraries/libproxies.a(PROXY_select.o)
                0x000000006060d98c                select
 .text.sem_post
                0x000000006060d9a0        0xc ../build/output/libraries/libproxies.a(PROXY_sem_post.o)
                0x000000006060d9a0                sem_post
 .text.sem_wait
                0x000000006060d9ac        0xc ../build/output/libraries/libproxies.a(PROXY_sem_wait.o)
                0x000000006060d9ac                sem_wait
 .text.sendto   0x000000006060d9b8       0x16 ../build/output/libraries/libproxies.a(PROXY_sendto.o)
                0x000000006060d9b8                sendto
 .text.set_errno
                0x000000006060d9ce        0xc ../build/output/libraries/libproxies.a(PROXY_set_errno.o)
                0x000000006060d9ce                set_errno
 .text.setsockopt
                0x000000006060d9da       0x14 ../build/output/libraries/libproxies.a(PROXY_setsockopt.o)
                0x000000006060d9da                setsockopt
 .text.socket   0x000000006060d9ee       0x10 ../build/output/libraries/libproxies.a(PROXY_socket.o)
                0x000000006060d9ee                socket
 .text.stat     0x000000006060d9fe       0x10 ../build/output/libraries/libproxies.a(PROXY_stat.o)
                0x000000006060d9fe                stat
 .text.statfs   0x000000006060da0e       0x10 ../build/output/libraries/libproxies.a(PROXY_statfs.o)
                0x000000006060da0e                statfs
 .text.task_create
                0x000000006060da1e       0x14 ../build/output/libraries/libproxies.a(PROXY_task_create.o)
                0x000000006060da1e                task_create
 .text.umount   0x000000006060da32        0xc ../build/output/libraries/libproxies.a(PROXY_umount.o)
                0x000000006060da32                umount
 .text.unlink   0x000000006060da3e        0xc ../build/output/libraries/libproxies.a(PROXY_unlink.o)
                0x000000006060da3e                unlink
 .text.up_assert
                0x000000006060da4a       0x10 ../build/output/libraries/libproxies.a(PROXY_up_assert.o)
                0x000000006060da4a                up_assert
 .text.write    0x000000006060da5a       0x10 ../build/output/libraries/libproxies.a(PROXY_write.o)
                0x000000006060da5a                write
 .text.sprintf  0x000000006060da6a       0x2e ../build/output/libraries/libuc.a(lib_sprintf.o)
                0x000000006060da6a                sprintf
 .text.asprintf
                0x000000006060da98       0x2c ../build/output/libraries/libuc.a(lib_asprintf.o)
                0x000000006060da98                asprintf
 .text.snprintf
                0x000000006060dac4       0x2e ../build/output/libraries/libuc.a(lib_snprintf.o)
                0x000000006060dac4                snprintf
 *fill*         0x000000006060daf2        0x2 
 .text.vasprintf
                0x000000006060daf4       0x78 ../build/output/libraries/libuc.a(lib_vasprintf.o)
                0x000000006060daf4                vasprintf
 .text.memoutstream_putc
                0x000000006060db6c       0x30 ../build/output/libraries/libuc.a(lib_memoutstream.o)
 .text.lib_memoutstream
                0x000000006060db9c       0x20 ../build/output/libraries/libuc.a(lib_memoutstream.o)
                0x000000006060db9c                lib_memoutstream
 .text.nulloutstream_putc
                0x000000006060dbbc       0x1c ../build/output/libraries/libuc.a(lib_nulloutstream.o)
 .text.lib_nulloutstream
                0x000000006060dbd8       0x18 ../build/output/libraries/libuc.a(lib_nulloutstream.o)
                0x000000006060dbd8                lib_nulloutstream
 .text.fwrite   0x000000006060dbf0       0x1a ../build/output/libraries/libuc.a(lib_fwrite.o)
                0x000000006060dbf0                fwrite
 .text.fputs    0x000000006060dc0a       0x44 ../build/output/libraries/libuc.a(lib_fputs.o)
                0x000000006060dc0a                fputs
 .text.fprintf  0x000000006060dc4e       0x1a ../build/output/libraries/libuc.a(lib_fprintf.o)
                0x000000006060dc4e                fprintf
 .text.perror   0x000000006060dc68       0x28 ../build/output/libraries/libuc.a(lib_perror.o)
                0x000000006060dc68                perror
 .text.abort    0x000000006060dc90        0x8 ../build/output/libraries/libuc.a(lib_abort.o)
                0x000000006060dc90                abort
 .text.strtol   0x000000006060dc98       0x64 ../build/output/libraries/libuc.a(lib_strtol.o)
                0x000000006060dc98                strtol
 .text.strtoul  0x000000006060dcfc       0x64 ../build/output/libraries/libuc.a(lib_strtoul.o)
                0x000000006060dcfc                strtoul
 .text.lib_checkbase
                0x000000006060dd60       0x5e ../build/output/libraries/libuc.a(lib_checkbase.o)
                0x000000006060dd60                lib_checkbase
 *fill*         0x000000006060ddbe        0x2 
 .text.getopt   0x000000006060ddc0      0x12c ../build/output/libraries/libuc.a(lib_getopt.o)
                0x000000006060ddc0                getopt
 .text.chdir    0x000000006060deec       0x78 ../build/output/libraries/libuc.a(lib_chdir.o)
                0x000000006060deec                chdir
 .text.usleep   0x000000006060df64       0x2c ../build/output/libraries/libuc.a(lib_usleep.o)
                0x000000006060df64                usleep
 .text.vsyslog  0x000000006060df90       0x44 ../build/output/libraries/libuc.a(lib_syslog.o)
                0x000000006060df90                vsyslog
 .text.syslog   0x000000006060dfd4       0x1a ../build/output/libraries/libuc.a(lib_syslog.o)
                0x000000006060dfd4                syslog
 *fill*         0x000000006060dfee        0x2 
 .text.setlogmask
                0x000000006060dff0       0x10 ../build/output/libraries/libuc.a(lib_setlogmask.o)
                0x000000006060dff0                setlogmask
 .text.lib_isbasedigit
                0x000000006060e000       0x4c ../build/output/libraries/libuc.a(lib_isbasedigit.o)
                0x000000006060e000                lib_isbasedigit
 .text.memset   0x000000006060e04c       0x62 ../build/output/libraries/libuc.a(lib_memset.o)
                0x000000006060e04c                memset
 .text.memcmp   0x000000006060e0ae       0x28 ../build/output/libraries/libuc.a(lib_memcmp.o)
                0x000000006060e0ae                memcmp
 .text.memmove  0x000000006060e0d6       0x2e ../build/output/libraries/libuc.a(lib_memmove.o)
                0x000000006060e0d6                memmove
 .text.lib_skipspace
                0x000000006060e104       0x16 ../build/output/libraries/libuc.a(lib_skipspace.o)
                0x000000006060e104                lib_skipspace
 .text.strchr   0x000000006060e11a       0x18 ../build/output/libraries/libuc.a(lib_strchr.o)
                0x000000006060e11a                strchr
 .text.strcmp   0x000000006060e132       0x16 ../build/output/libraries/libuc.a(lib_strcmp.o)
                0x000000006060e132                strcmp
 .text.strdup   0x000000006060e148       0x30 ../build/output/libraries/libuc.a(lib_strdup.o)
                0x000000006060e148                strdup
 .text.strerror
                0x000000006060e178       0x34 ../build/output/libraries/libuc.a(lib_strerror.o)
                0x000000006060e178                strerror
 .text.strlen   0x000000006060e1ac       0x12 ../build/output/libraries/libuc.a(lib_strlen.o)
                0x000000006060e1ac                strlen
 .text.strncasecmp
                0x000000006060e1be       0x38 ../build/output/libraries/libuc.a(lib_strncasecmp.o)
                0x000000006060e1be                strncasecmp
 .text.strncmp  0x000000006060e1f6       0x20 ../build/output/libraries/libuc.a(lib_strncmp.o)
                0x000000006060e1f6                strncmp
 .text.strncpy  0x000000006060e216       0x24 ../build/output/libraries/libuc.a(lib_strncpy.o)
                0x000000006060e216                strncpy
 .text.strstr   0x000000006060e23a       0x3e ../build/output/libraries/libuc.a(lib_strstr.o)
                0x000000006060e23a                strstr
 .text.strtok_r
                0x000000006060e278       0x5a ../build/output/libraries/libuc.a(lib_strtokr.o)
                0x000000006060e278                strtok_r
 .text.memcpy   0x000000006060e2d2      0x364 ../build/output/libraries/libuc.a(lib_vikmemcpy.o)
                0x000000006060e2d2                memcpy
 *fill*         0x000000006060e636        0x2 
 .text.ether_ntoa
                0x000000006060e638       0x34 ../build/output/libraries/libuc.a(lib_etherntoa.o)
                0x000000006060e638                ether_ntoa
 .text.inet_addr
                0x000000006060e66c       0x44 ../build/output/libraries/libuc.a(lib_inetaddr.o)
                0x000000006060e66c                inet_addr
 .text.inet_ntoa
                0x000000006060e6b0       0x30 ../build/output/libraries/libuc.a(lib_inetntoa.o)
                0x000000006060e6b0                inet_ntoa
 .text.inet_ntop
                0x000000006060e6e0      0x150 ../build/output/libraries/libuc.a(lib_inetntop.o)
                0x000000006060e6e0                inet_ntop
 .text.inet_pton
                0x000000006060e830      0x180 ../build/output/libraries/libuc.a(lib_inetpton.o)